Archive member included because of file (symbol)

c:/freescale/kds_2.0.0/toolchain/bin/../lib/gcc/arm-none-eabi/4.8.0/../../../../arm-none-eabi/lib/m4/fp/v4-sp-d16\libg_s.a(lib_a-atexit.o)
                              c:/freescale/kds_2.0.0/toolchain/bin/../lib/gcc/arm-none-eabi/4.8.0/../../../../arm-none-eabi/lib/m4/fp/v4-sp-d16/crt0.o (atexit)
c:/freescale/kds_2.0.0/toolchain/bin/../lib/gcc/arm-none-eabi/4.8.0/../../../../arm-none-eabi/lib/m4/fp/v4-sp-d16\libg_s.a(lib_a-exit.o)
                              c:/freescale/kds_2.0.0/toolchain/bin/../lib/gcc/arm-none-eabi/4.8.0/../../../../arm-none-eabi/lib/m4/fp/v4-sp-d16/crt0.o (exit)
c:/freescale/kds_2.0.0/toolchain/bin/../lib/gcc/arm-none-eabi/4.8.0/../../../../arm-none-eabi/lib/m4/fp/v4-sp-d16\libg_s.a(lib_a-fini.o)
                              c:/freescale/kds_2.0.0/toolchain/bin/../lib/gcc/arm-none-eabi/4.8.0/../../../../arm-none-eabi/lib/m4/fp/v4-sp-d16\libg_s.a(lib_a-exit.o) (__libc_fini_array)
c:/freescale/kds_2.0.0/toolchain/bin/../lib/gcc/arm-none-eabi/4.8.0/../../../../arm-none-eabi/lib/m4/fp/v4-sp-d16\libg_s.a(lib_a-impure.o)
                              c:/freescale/kds_2.0.0/toolchain/bin/../lib/gcc/arm-none-eabi/4.8.0/../../../../arm-none-eabi/lib/m4/fp/v4-sp-d16\libg_s.a(lib_a-exit.o) (_global_impure_ptr)
c:/freescale/kds_2.0.0/toolchain/bin/../lib/gcc/arm-none-eabi/4.8.0/../../../../arm-none-eabi/lib/m4/fp/v4-sp-d16\libg_s.a(lib_a-memset.o)
                              c:/freescale/kds_2.0.0/toolchain/bin/../lib/gcc/arm-none-eabi/4.8.0/../../../../arm-none-eabi/lib/m4/fp/v4-sp-d16/crt0.o (memset)
c:/freescale/kds_2.0.0/toolchain/bin/../lib/gcc/arm-none-eabi/4.8.0/../../../../arm-none-eabi/lib/m4/fp/v4-sp-d16\libg_s.a(lib_a-syscalls.o)
                              c:/freescale/kds_2.0.0/toolchain/bin/../lib/gcc/arm-none-eabi/4.8.0/../../../../arm-none-eabi/lib/m4/fp/v4-sp-d16\libg_s.a(lib_a-exit.o) (_exit)
c:/freescale/kds_2.0.0/toolchain/bin/../lib/gcc/arm-none-eabi/4.8.0/../../../../arm-none-eabi/lib/m4/fp/v4-sp-d16\libg_s.a(lib_a-__atexit.o)
                              c:/freescale/kds_2.0.0/toolchain/bin/../lib/gcc/arm-none-eabi/4.8.0/../../../../arm-none-eabi/lib/m4/fp/v4-sp-d16\libg_s.a(lib_a-atexit.o) (__do_register_exitproc)
c:/freescale/kds_2.0.0/toolchain/bin/../lib/gcc/arm-none-eabi/4.8.0/../../../../arm-none-eabi/lib/m4/fp/v4-sp-d16\libg_s.a(lib_a-__call_atexit.o)
                              c:/freescale/kds_2.0.0/toolchain/bin/../lib/gcc/arm-none-eabi/4.8.0/../../../../arm-none-eabi/lib/m4/fp/v4-sp-d16\libg_s.a(lib_a-__atexit.o) (__call_exitprocs)
c:/freescale/kds_2.0.0/toolchain/bin/../lib/gcc/arm-none-eabi/4.8.0/../../../../arm-none-eabi/lib/m4/fp/v4-sp-d16\libg_s.a(lib_a-errno.o)
                              c:/freescale/kds_2.0.0/toolchain/bin/../lib/gcc/arm-none-eabi/4.8.0/../../../../arm-none-eabi/lib/m4/fp/v4-sp-d16\libg_s.a(lib_a-syscalls.o) (__errno)
c:/freescale/kds_2.0.0/toolchain/bin/../lib/gcc/arm-none-eabi/4.8.0/../../../../arm-none-eabi/lib/m4/fp/v4-sp-d16\libg_s.a(lib_a-malloc.o)
                              c:/freescale/kds_2.0.0/toolchain/bin/../lib/gcc/arm-none-eabi/4.8.0/../../../../arm-none-eabi/lib/m4/fp/v4-sp-d16\libg_s.a(lib_a-__atexit.o) (malloc)
c:/freescale/kds_2.0.0/toolchain/bin/../lib/gcc/arm-none-eabi/4.8.0/../../../../arm-none-eabi/lib/m4/fp/v4-sp-d16\libg_s.a(lib_a-mallocr.o)
                              c:/freescale/kds_2.0.0/toolchain/bin/../lib/gcc/arm-none-eabi/4.8.0/../../../../arm-none-eabi/lib/m4/fp/v4-sp-d16\libg_s.a(lib_a-malloc.o) (_malloc_r)
c:/freescale/kds_2.0.0/toolchain/bin/../lib/gcc/arm-none-eabi/4.8.0/../../../../arm-none-eabi/lib/m4/fp/v4-sp-d16\libg_s.a(lib_a-sbrkr.o)
                              c:/freescale/kds_2.0.0/toolchain/bin/../lib/gcc/arm-none-eabi/4.8.0/../../../../arm-none-eabi/lib/m4/fp/v4-sp-d16\libg_s.a(lib_a-mallocr.o) (_sbrk_r)
c:/freescale/kds_2.0.0/toolchain/bin/../lib/gcc/arm-none-eabi/4.8.0/../../../../arm-none-eabi/lib/m4/fp/v4-sp-d16\libg_s.a(lib_a-strlen.o)
                              c:/freescale/kds_2.0.0/toolchain/bin/../lib/gcc/arm-none-eabi/4.8.0/../../../../arm-none-eabi/lib/m4/fp/v4-sp-d16\libg_s.a(lib_a-syscalls.o) (strlen)
c:/freescale/kds_2.0.0/toolchain/bin/../lib/gcc/arm-none-eabi/4.8.0/../../../../arm-none-eabi/lib/m4/fp/v4-sp-d16\libg_s.a(lib_a-freer.o)
                              c:/freescale/kds_2.0.0/toolchain/bin/../lib/gcc/arm-none-eabi/4.8.0/../../../../arm-none-eabi/lib/m4/fp/v4-sp-d16\libg_s.a(lib_a-malloc.o) (_free_r)
c:/freescale/kds_2.0.0/toolchain/bin/../lib/gcc/arm-none-eabi/4.8.0/../../../../arm-none-eabi/lib/m4/fp/v4-sp-d16\libg_s.a(lib_a-reent.o)
                              c:/freescale/kds_2.0.0/toolchain/bin/../lib/gcc/arm-none-eabi/4.8.0/../../../../arm-none-eabi/lib/m4/fp/v4-sp-d16\libg_s.a(lib_a-sbrkr.o) (errno)

Allocating common symbols
Common symbol       size              file

errno               0x4               c:/freescale/kds_2.0.0/toolchain/bin/../lib/gcc/arm-none-eabi/4.8.0/../../../../arm-none-eabi/lib/m4/fp/v4-sp-d16\libg_s.a(lib_a-reent.o)
SR_reg              0x1               ./Generated_Code/Cpu.o

Discarded input sections

 .text          0x00000000        0x0 c:/freescale/kds_2.0.0/toolchain/bin/../lib/gcc/arm-none-eabi/4.8.0/m4/fp/v4-sp-d16/crti.o
 .data          0x00000000        0x0 c:/freescale/kds_2.0.0/toolchain/bin/../lib/gcc/arm-none-eabi/4.8.0/m4/fp/v4-sp-d16/crti.o
 .bss           0x00000000        0x0 c:/freescale/kds_2.0.0/toolchain/bin/../lib/gcc/arm-none-eabi/4.8.0/m4/fp/v4-sp-d16/crti.o
 .text          0x00000000        0x0 c:/freescale/kds_2.0.0/toolchain/bin/../lib/gcc/arm-none-eabi/4.8.0/m4/fp/v4-sp-d16/crtbegin.o
 .data          0x00000000        0x0 c:/freescale/kds_2.0.0/toolchain/bin/../lib/gcc/arm-none-eabi/4.8.0/m4/fp/v4-sp-d16/crtbegin.o
 .bss           0x00000000        0x0 c:/freescale/kds_2.0.0/toolchain/bin/../lib/gcc/arm-none-eabi/4.8.0/m4/fp/v4-sp-d16/crtbegin.o
 .data.__dso_handle
                0x00000000        0x4 c:/freescale/kds_2.0.0/toolchain/bin/../lib/gcc/arm-none-eabi/4.8.0/m4/fp/v4-sp-d16/crtbegin.o
 .text          0x00000000      0x120 c:/freescale/kds_2.0.0/toolchain/bin/../lib/gcc/arm-none-eabi/4.8.0/../../../../arm-none-eabi/lib/m4/fp/v4-sp-d16/crt0.o
 .data          0x00000000        0x0 c:/freescale/kds_2.0.0/toolchain/bin/../lib/gcc/arm-none-eabi/4.8.0/../../../../arm-none-eabi/lib/m4/fp/v4-sp-d16/crt0.o
 .bss           0x00000000        0x0 c:/freescale/kds_2.0.0/toolchain/bin/../lib/gcc/arm-none-eabi/4.8.0/../../../../arm-none-eabi/lib/m4/fp/v4-sp-d16/crt0.o
 .comment       0x00000000       0x2b c:/freescale/kds_2.0.0/toolchain/bin/../lib/gcc/arm-none-eabi/4.8.0/../../../../arm-none-eabi/lib/m4/fp/v4-sp-d16/crt0.o
 .ARM.attributes
                0x00000000       0x39 c:/freescale/kds_2.0.0/toolchain/bin/../lib/gcc/arm-none-eabi/4.8.0/../../../../arm-none-eabi/lib/m4/fp/v4-sp-d16/crt0.o
 .group         0x00000000        0x8 ./Sources/Events.o
 .group         0x00000000        0x8 ./Sources/Events.o
 .group         0x00000000        0x8 ./Sources/Events.o
 .group         0x00000000        0x8 ./Sources/Events.o
 .group         0x00000000        0x8 ./Sources/Events.o
 .group         0x00000000        0x8 ./Sources/Events.o
 .group         0x00000000        0x8 ./Sources/Events.o
 .group         0x00000000        0x8 ./Sources/Events.o
 .group         0x00000000        0x8 ./Sources/Events.o
 .group         0x00000000        0x8 ./Sources/Events.o
 .group         0x00000000        0x8 ./Sources/Events.o
 .group         0x00000000        0x8 ./Sources/Events.o
 .group         0x00000000        0x8 ./Sources/Events.o
 .group         0x00000000        0x8 ./Sources/Events.o
 .group         0x00000000        0x8 ./Sources/Events.o
 .group         0x00000000        0x8 ./Sources/Events.o
 .group         0x00000000        0x8 ./Sources/Events.o
 .group         0x00000000        0x8 ./Sources/Events.o
 .group         0x00000000        0x8 ./Sources/Events.o
 .group         0x00000000        0x8 ./Sources/Events.o
 .group         0x00000000        0x8 ./Sources/Events.o
 .text          0x00000000        0x0 ./Sources/Events.o
 .data          0x00000000        0x0 ./Sources/Events.o
 .bss           0x00000000        0x0 ./Sources/Events.o
 .group         0x00000000        0x8 ./Sources/main.o
 .group         0x00000000        0x8 ./Sources/main.o
 .group         0x00000000        0x8 ./Sources/main.o
 .group         0x00000000        0x8 ./Sources/main.o
 .group         0x00000000        0x8 ./Sources/main.o
 .group         0x00000000        0x8 ./Sources/main.o
 .group         0x00000000        0x8 ./Sources/main.o
 .group         0x00000000        0x8 ./Sources/main.o
 .group         0x00000000        0x8 ./Sources/main.o
 .group         0x00000000        0x8 ./Sources/main.o
 .group         0x00000000        0x8 ./Sources/main.o
 .group         0x00000000        0x8 ./Sources/main.o
 .group         0x00000000        0x8 ./Sources/main.o
 .group         0x00000000        0x8 ./Sources/main.o
 .group         0x00000000        0x8 ./Sources/main.o
 .group         0x00000000        0x8 ./Sources/main.o
 .group         0x00000000        0x8 ./Sources/main.o
 .group         0x00000000        0x8 ./Sources/main.o
 .group         0x00000000        0x8 ./Sources/main.o
 .group         0x00000000        0x8 ./Sources/main.o
 .group         0x00000000        0x8 ./Sources/main.o
 .text          0x00000000        0x0 ./Sources/main.o
 .data          0x00000000        0x0 ./Sources/main.o
 .bss           0x00000000        0x0 ./Sources/main.o
 .debug_macro   0x00000000      0x850 ./Sources/main.o
 .debug_macro   0x00000000      0x214 ./Sources/main.o
 .debug_macro   0x00000000     0x177c ./Sources/main.o
 .debug_macro   0x00000000      0x14e ./Sources/main.o
 .debug_macro   0x00000000       0x6a ./Sources/main.o
 .debug_macro   0x00000000     0xdd9a ./Sources/main.o
 .debug_macro   0x00000000       0x94 ./Sources/main.o
 .debug_macro   0x00000000       0x94 ./Sources/main.o
 .debug_macro   0x00000000      0x12b ./Sources/main.o
 .debug_macro   0x00000000       0x46 ./Sources/main.o
 .debug_macro   0x00000000       0x46 ./Sources/main.o
 .debug_macro   0x00000000       0x46 ./Sources/main.o
 .debug_macro   0x00000000       0x20 ./Sources/main.o
 .debug_macro   0x00000000       0x47 ./Sources/main.o
 .debug_macro   0x00000000       0x37 ./Sources/main.o
 .debug_macro   0x00000000       0x20 ./Sources/main.o
 .debug_macro   0x00000000       0x47 ./Sources/main.o
 .debug_macro   0x00000000       0x4c ./Sources/main.o
 .debug_macro   0x00000000       0x4c ./Sources/main.o
 .debug_macro   0x00000000       0x4c ./Sources/main.o
 .debug_macro   0x00000000       0x2e ./Sources/main.o
 .group         0x00000000        0x8 ./Project_Settings/Startup_Code/startup.o
 .group         0x00000000        0x8 ./Project_Settings/Startup_Code/startup.o
 .group         0x00000000        0x8 ./Project_Settings/Startup_Code/startup.o
 .group         0x00000000        0x8 ./Project_Settings/Startup_Code/startup.o
 .group         0x00000000        0x8 ./Project_Settings/Startup_Code/startup.o
 .group         0x00000000        0x8 ./Project_Settings/Startup_Code/startup.o
 .group         0x00000000        0x8 ./Project_Settings/Startup_Code/startup.o
 .group         0x00000000        0x8 ./Project_Settings/Startup_Code/startup.o
 .group         0x00000000        0x8 ./Project_Settings/Startup_Code/startup.o
 .group         0x00000000        0x8 ./Project_Settings/Startup_Code/startup.o
 .group         0x00000000        0x8 ./Project_Settings/Startup_Code/startup.o
 .group         0x00000000        0x8 ./Project_Settings/Startup_Code/startup.o
 .group         0x00000000        0x8 ./Project_Settings/Startup_Code/startup.o
 .group         0x00000000        0x8 ./Project_Settings/Startup_Code/startup.o
 .group         0x00000000        0x8 ./Project_Settings/Startup_Code/startup.o
 .text          0x00000000        0x0 ./Project_Settings/Startup_Code/startup.o
 .data          0x00000000        0x0 ./Project_Settings/Startup_Code/startup.o
 .bss           0x00000000        0x0 ./Project_Settings/Startup_Code/startup.o
 .text.__init_hardware
                0x00000000        0xc ./Project_Settings/Startup_Code/startup.o
 .text.__iar_program_start
                0x00000000        0xc ./Project_Settings/Startup_Code/startup.o
 .debug_macro   0x00000000      0x850 ./Project_Settings/Startup_Code/startup.o
 .debug_macro   0x00000000      0x214 ./Project_Settings/Startup_Code/startup.o
 .group         0x00000000        0x8 ./Generated_Code/Bit1.o
 .group         0x00000000        0x8 ./Generated_Code/Bit1.o
 .group         0x00000000        0x8 ./Generated_Code/Bit1.o
 .group         0x00000000        0x8 ./Generated_Code/Bit1.o
 .group         0x00000000        0x8 ./Generated_Code/Bit1.o
 .group         0x00000000        0x8 ./Generated_Code/Bit1.o
 .group         0x00000000        0x8 ./Generated_Code/Bit1.o
 .group         0x00000000        0x8 ./Generated_Code/Bit1.o
 .group         0x00000000        0x8 ./Generated_Code/Bit1.o
 .group         0x00000000        0x8 ./Generated_Code/Bit1.o
 .text          0x00000000        0x0 ./Generated_Code/Bit1.o
 .data          0x00000000        0x0 ./Generated_Code/Bit1.o
 .bss           0x00000000        0x0 ./Generated_Code/Bit1.o
 .bss.DeviceDataPrv__DEFAULT_RTOS_ALLOC
                0x00000000        0x4 ./Generated_Code/Bit1.o
 .text.Bit1_Init
                0x00000000       0x84 ./Generated_Code/Bit1.o
 .text.Bit1_SetDir
                0x00000000       0x50 ./Generated_Code/Bit1.o
 .text.Bit1_SetInput
                0x00000000       0x2c ./Generated_Code/Bit1.o
 .text.Bit1_GetVal
                0x00000000       0x54 ./Generated_Code/Bit1.o
 .text.Bit1_PutVal
                0x00000000       0x38 ./Generated_Code/Bit1.o
 .text.Bit1_ClrVal
                0x00000000       0x20 ./Generated_Code/Bit1.o
 .text.Bit1_SetVal
                0x00000000       0x20 ./Generated_Code/Bit1.o
 .debug_info    0x00000000      0x351 ./Generated_Code/Bit1.o
 .debug_abbrev  0x00000000      0x15f ./Generated_Code/Bit1.o
 .debug_aranges
                0x00000000       0x50 ./Generated_Code/Bit1.o
 .debug_ranges  0x00000000       0x40 ./Generated_Code/Bit1.o
 .debug_macro   0x00000000       0x88 ./Generated_Code/Bit1.o
 .debug_macro   0x00000000      0x850 ./Generated_Code/Bit1.o
 .debug_macro   0x00000000      0x214 ./Generated_Code/Bit1.o
 .debug_macro   0x00000000     0x177c ./Generated_Code/Bit1.o
 .debug_macro   0x00000000      0x14e ./Generated_Code/Bit1.o
 .debug_macro   0x00000000       0x6a ./Generated_Code/Bit1.o
 .debug_macro   0x00000000     0xdd9a ./Generated_Code/Bit1.o
 .debug_macro   0x00000000       0x94 ./Generated_Code/Bit1.o
 .debug_macro   0x00000000      0x12b ./Generated_Code/Bit1.o
 .debug_macro   0x00000000       0x9a ./Generated_Code/Bit1.o
 .debug_macro   0x00000000       0x46 ./Generated_Code/Bit1.o
 .debug_line    0x00000000      0x251 ./Generated_Code/Bit1.o
 .debug_str     0x00000000    0x582fe ./Generated_Code/Bit1.o
 .comment       0x00000000       0x2b ./Generated_Code/Bit1.o
 .ARM.attributes
                0x00000000       0x39 ./Generated_Code/Bit1.o
 .debug_frame   0x00000000       0xd4 ./Generated_Code/Bit1.o
 .group         0x00000000        0x8 ./Generated_Code/Bit2.o
 .group         0x00000000        0x8 ./Generated_Code/Bit2.o
 .group         0x00000000        0x8 ./Generated_Code/Bit2.o
 .group         0x00000000        0x8 ./Generated_Code/Bit2.o
 .group         0x00000000        0x8 ./Generated_Code/Bit2.o
 .group         0x00000000        0x8 ./Generated_Code/Bit2.o
 .group         0x00000000        0x8 ./Generated_Code/Bit2.o
 .group         0x00000000        0x8 ./Generated_Code/Bit2.o
 .group         0x00000000        0x8 ./Generated_Code/Bit2.o
 .group         0x00000000        0x8 ./Generated_Code/Bit2.o
 .text          0x00000000        0x0 ./Generated_Code/Bit2.o
 .data          0x00000000        0x0 ./Generated_Code/Bit2.o
 .bss           0x00000000        0x0 ./Generated_Code/Bit2.o
 .bss.DeviceDataPrv__DEFAULT_RTOS_ALLOC
                0x00000000        0x4 ./Generated_Code/Bit2.o
 .text.Bit2_Init
                0x00000000       0x84 ./Generated_Code/Bit2.o
 .text.Bit2_SetDir
                0x00000000       0x50 ./Generated_Code/Bit2.o
 .text.Bit2_SetInput
                0x00000000       0x2c ./Generated_Code/Bit2.o
 .text.Bit2_GetVal
                0x00000000       0x54 ./Generated_Code/Bit2.o
 .text.Bit2_PutVal
                0x00000000       0x38 ./Generated_Code/Bit2.o
 .text.Bit2_ClrVal
                0x00000000       0x20 ./Generated_Code/Bit2.o
 .text.Bit2_SetVal
                0x00000000       0x20 ./Generated_Code/Bit2.o
 .debug_info    0x00000000      0x351 ./Generated_Code/Bit2.o
 .debug_abbrev  0x00000000      0x15f ./Generated_Code/Bit2.o
 .debug_aranges
                0x00000000       0x50 ./Generated_Code/Bit2.o
 .debug_ranges  0x00000000       0x40 ./Generated_Code/Bit2.o
 .debug_macro   0x00000000       0x88 ./Generated_Code/Bit2.o
 .debug_macro   0x00000000      0x850 ./Generated_Code/Bit2.o
 .debug_macro   0x00000000      0x214 ./Generated_Code/Bit2.o
 .debug_macro   0x00000000     0x177c ./Generated_Code/Bit2.o
 .debug_macro   0x00000000      0x14e ./Generated_Code/Bit2.o
 .debug_macro   0x00000000       0x6a ./Generated_Code/Bit2.o
 .debug_macro   0x00000000     0xdd9a ./Generated_Code/Bit2.o
 .debug_macro   0x00000000       0x94 ./Generated_Code/Bit2.o
 .debug_macro   0x00000000      0x12b ./Generated_Code/Bit2.o
 .debug_macro   0x00000000       0x9a ./Generated_Code/Bit2.o
 .debug_macro   0x00000000       0x46 ./Generated_Code/Bit2.o
 .debug_line    0x00000000      0x251 ./Generated_Code/Bit2.o
 .debug_str     0x00000000    0x582fe ./Generated_Code/Bit2.o
 .comment       0x00000000       0x2b ./Generated_Code/Bit2.o
 .ARM.attributes
                0x00000000       0x39 ./Generated_Code/Bit2.o
 .debug_frame   0x00000000       0xd4 ./Generated_Code/Bit2.o
 .group         0x00000000        0x8 ./Generated_Code/Bit3.o
 .group         0x00000000        0x8 ./Generated_Code/Bit3.o
 .group         0x00000000        0x8 ./Generated_Code/Bit3.o
 .group         0x00000000        0x8 ./Generated_Code/Bit3.o
 .group         0x00000000        0x8 ./Generated_Code/Bit3.o
 .group         0x00000000        0x8 ./Generated_Code/Bit3.o
 .group         0x00000000        0x8 ./Generated_Code/Bit3.o
 .group         0x00000000        0x8 ./Generated_Code/Bit3.o
 .group         0x00000000        0x8 ./Generated_Code/Bit3.o
 .group         0x00000000        0x8 ./Generated_Code/Bit3.o
 .text          0x00000000        0x0 ./Generated_Code/Bit3.o
 .data          0x00000000        0x0 ./Generated_Code/Bit3.o
 .bss           0x00000000        0x0 ./Generated_Code/Bit3.o
 .bss.DeviceDataPrv__DEFAULT_RTOS_ALLOC
                0x00000000        0x4 ./Generated_Code/Bit3.o
 .text.Bit3_Init
                0x00000000       0x84 ./Generated_Code/Bit3.o
 .text.Bit3_SetDir
                0x00000000       0x50 ./Generated_Code/Bit3.o
 .text.Bit3_SetInput
                0x00000000       0x2c ./Generated_Code/Bit3.o
 .text.Bit3_GetVal
                0x00000000       0x54 ./Generated_Code/Bit3.o
 .text.Bit3_PutVal
                0x00000000       0x38 ./Generated_Code/Bit3.o
 .text.Bit3_ClrVal
                0x00000000       0x20 ./Generated_Code/Bit3.o
 .text.Bit3_SetVal
                0x00000000       0x20 ./Generated_Code/Bit3.o
 .debug_info    0x00000000      0x351 ./Generated_Code/Bit3.o
 .debug_abbrev  0x00000000      0x15f ./Generated_Code/Bit3.o
 .debug_aranges
                0x00000000       0x50 ./Generated_Code/Bit3.o
 .debug_ranges  0x00000000       0x40 ./Generated_Code/Bit3.o
 .debug_macro   0x00000000       0x88 ./Generated_Code/Bit3.o
 .debug_macro   0x00000000      0x850 ./Generated_Code/Bit3.o
 .debug_macro   0x00000000      0x214 ./Generated_Code/Bit3.o
 .debug_macro   0x00000000     0x177c ./Generated_Code/Bit3.o
 .debug_macro   0x00000000      0x14e ./Generated_Code/Bit3.o
 .debug_macro   0x00000000       0x6a ./Generated_Code/Bit3.o
 .debug_macro   0x00000000     0xdd9a ./Generated_Code/Bit3.o
 .debug_macro   0x00000000       0x94 ./Generated_Code/Bit3.o
 .debug_macro   0x00000000      0x12b ./Generated_Code/Bit3.o
 .debug_macro   0x00000000       0x9a ./Generated_Code/Bit3.o
 .debug_macro   0x00000000       0x46 ./Generated_Code/Bit3.o
 .debug_line    0x00000000      0x251 ./Generated_Code/Bit3.o
 .debug_str     0x00000000    0x582fe ./Generated_Code/Bit3.o
 .comment       0x00000000       0x2b ./Generated_Code/Bit3.o
 .ARM.attributes
                0x00000000       0x39 ./Generated_Code/Bit3.o
 .debug_frame   0x00000000       0xd4 ./Generated_Code/Bit3.o
 .group         0x00000000        0x8 ./Generated_Code/Bit4.o
 .group         0x00000000        0x8 ./Generated_Code/Bit4.o
 .group         0x00000000        0x8 ./Generated_Code/Bit4.o
 .group         0x00000000        0x8 ./Generated_Code/Bit4.o
 .group         0x00000000        0x8 ./Generated_Code/Bit4.o
 .group         0x00000000        0x8 ./Generated_Code/Bit4.o
 .group         0x00000000        0x8 ./Generated_Code/Bit4.o
 .group         0x00000000        0x8 ./Generated_Code/Bit4.o
 .group         0x00000000        0x8 ./Generated_Code/Bit4.o
 .group         0x00000000        0x8 ./Generated_Code/Bit4.o
 .text          0x00000000        0x0 ./Generated_Code/Bit4.o
 .data          0x00000000        0x0 ./Generated_Code/Bit4.o
 .bss           0x00000000        0x0 ./Generated_Code/Bit4.o
 .bss.DeviceDataPrv__DEFAULT_RTOS_ALLOC
                0x00000000        0x4 ./Generated_Code/Bit4.o
 .text.Bit4_Init
                0x00000000       0x84 ./Generated_Code/Bit4.o
 .text.Bit4_SetDir
                0x00000000       0x50 ./Generated_Code/Bit4.o
 .text.Bit4_SetInput
                0x00000000       0x2c ./Generated_Code/Bit4.o
 .text.Bit4_GetVal
                0x00000000       0x54 ./Generated_Code/Bit4.o
 .text.Bit4_PutVal
                0x00000000       0x38 ./Generated_Code/Bit4.o
 .text.Bit4_ClrVal
                0x00000000       0x20 ./Generated_Code/Bit4.o
 .text.Bit4_SetVal
                0x00000000       0x20 ./Generated_Code/Bit4.o
 .debug_info    0x00000000      0x351 ./Generated_Code/Bit4.o
 .debug_abbrev  0x00000000      0x15f ./Generated_Code/Bit4.o
 .debug_aranges
                0x00000000       0x50 ./Generated_Code/Bit4.o
 .debug_ranges  0x00000000       0x40 ./Generated_Code/Bit4.o
 .debug_macro   0x00000000       0x88 ./Generated_Code/Bit4.o
 .debug_macro   0x00000000      0x850 ./Generated_Code/Bit4.o
 .debug_macro   0x00000000      0x214 ./Generated_Code/Bit4.o
 .debug_macro   0x00000000     0x177c ./Generated_Code/Bit4.o
 .debug_macro   0x00000000      0x14e ./Generated_Code/Bit4.o
 .debug_macro   0x00000000       0x6a ./Generated_Code/Bit4.o
 .debug_macro   0x00000000     0xdd9a ./Generated_Code/Bit4.o
 .debug_macro   0x00000000       0x94 ./Generated_Code/Bit4.o
 .debug_macro   0x00000000      0x12b ./Generated_Code/Bit4.o
 .debug_macro   0x00000000       0x9a ./Generated_Code/Bit4.o
 .debug_macro   0x00000000       0x46 ./Generated_Code/Bit4.o
 .debug_line    0x00000000      0x251 ./Generated_Code/Bit4.o
 .debug_str     0x00000000    0x582fe ./Generated_Code/Bit4.o
 .comment       0x00000000       0x2b ./Generated_Code/Bit4.o
 .ARM.attributes
                0x00000000       0x39 ./Generated_Code/Bit4.o
 .debug_frame   0x00000000       0xd4 ./Generated_Code/Bit4.o
 .group         0x00000000        0x8 ./Generated_Code/BitIoLdd1.o
 .group         0x00000000        0x8 ./Generated_Code/BitIoLdd1.o
 .group         0x00000000        0x8 ./Generated_Code/BitIoLdd1.o
 .group         0x00000000        0x8 ./Generated_Code/BitIoLdd1.o
 .group         0x00000000        0x8 ./Generated_Code/BitIoLdd1.o
 .group         0x00000000        0x8 ./Generated_Code/BitIoLdd1.o
 .group         0x00000000        0x8 ./Generated_Code/BitIoLdd1.o
 .group         0x00000000        0x8 ./Generated_Code/BitIoLdd1.o
 .group         0x00000000        0x8 ./Generated_Code/BitIoLdd1.o
 .group         0x00000000        0x8 ./Generated_Code/BitIoLdd1.o
 .text          0x00000000        0x0 ./Generated_Code/BitIoLdd1.o
 .data          0x00000000        0x0 ./Generated_Code/BitIoLdd1.o
 .bss           0x00000000        0x0 ./Generated_Code/BitIoLdd1.o
 .text.BitIoLdd1_GetVal
                0x00000000       0x30 ./Generated_Code/BitIoLdd1.o
 .text.BitIoLdd1_NegVal
                0x00000000       0x20 ./Generated_Code/BitIoLdd1.o
 .debug_macro   0x00000000      0x850 ./Generated_Code/BitIoLdd1.o
 .debug_macro   0x00000000      0x214 ./Generated_Code/BitIoLdd1.o
 .debug_macro   0x00000000     0x177c ./Generated_Code/BitIoLdd1.o
 .debug_macro   0x00000000      0x14e ./Generated_Code/BitIoLdd1.o
 .debug_macro   0x00000000       0x6a ./Generated_Code/BitIoLdd1.o
 .debug_macro   0x00000000     0xdd9a ./Generated_Code/BitIoLdd1.o
 .debug_macro   0x00000000       0x94 ./Generated_Code/BitIoLdd1.o
 .debug_macro   0x00000000      0x12b ./Generated_Code/BitIoLdd1.o
 .debug_macro   0x00000000       0x9a ./Generated_Code/BitIoLdd1.o
 .group         0x00000000        0x8 ./Generated_Code/BitIoLdd2.o
 .group         0x00000000        0x8 ./Generated_Code/BitIoLdd2.o
 .group         0x00000000        0x8 ./Generated_Code/BitIoLdd2.o
 .group         0x00000000        0x8 ./Generated_Code/BitIoLdd2.o
 .group         0x00000000        0x8 ./Generated_Code/BitIoLdd2.o
 .group         0x00000000        0x8 ./Generated_Code/BitIoLdd2.o
 .group         0x00000000        0x8 ./Generated_Code/BitIoLdd2.o
 .group         0x00000000        0x8 ./Generated_Code/BitIoLdd2.o
 .group         0x00000000        0x8 ./Generated_Code/BitIoLdd2.o
 .group         0x00000000        0x8 ./Generated_Code/BitIoLdd2.o
 .text          0x00000000        0x0 ./Generated_Code/BitIoLdd2.o
 .data          0x00000000        0x0 ./Generated_Code/BitIoLdd2.o
 .bss           0x00000000        0x0 ./Generated_Code/BitIoLdd2.o
 .text.BitIoLdd2_GetVal
                0x00000000       0x30 ./Generated_Code/BitIoLdd2.o
 .text.BitIoLdd2_NegVal
                0x00000000       0x20 ./Generated_Code/BitIoLdd2.o
 .debug_macro   0x00000000      0x850 ./Generated_Code/BitIoLdd2.o
 .debug_macro   0x00000000      0x214 ./Generated_Code/BitIoLdd2.o
 .debug_macro   0x00000000     0x177c ./Generated_Code/BitIoLdd2.o
 .debug_macro   0x00000000      0x14e ./Generated_Code/BitIoLdd2.o
 .debug_macro   0x00000000       0x6a ./Generated_Code/BitIoLdd2.o
 .debug_macro   0x00000000     0xdd9a ./Generated_Code/BitIoLdd2.o
 .debug_macro   0x00000000       0x94 ./Generated_Code/BitIoLdd2.o
 .debug_macro   0x00000000      0x12b ./Generated_Code/BitIoLdd2.o
 .debug_macro   0x00000000       0x9a ./Generated_Code/BitIoLdd2.o
 .group         0x00000000        0x8 ./Generated_Code/Cpu.o
 .group         0x00000000        0x8 ./Generated_Code/Cpu.o
 .group         0x00000000        0x8 ./Generated_Code/Cpu.o
 .group         0x00000000        0x8 ./Generated_Code/Cpu.o
 .group         0x00000000        0x8 ./Generated_Code/Cpu.o
 .group         0x00000000        0x8 ./Generated_Code/Cpu.o
 .group         0x00000000        0x8 ./Generated_Code/Cpu.o
 .group         0x00000000        0x8 ./Generated_Code/Cpu.o
 .group         0x00000000        0x8 ./Generated_Code/Cpu.o
 .group         0x00000000        0x8 ./Generated_Code/Cpu.o
 .group         0x00000000        0x8 ./Generated_Code/Cpu.o
 .group         0x00000000        0x8 ./Generated_Code/Cpu.o
 .group         0x00000000        0x8 ./Generated_Code/Cpu.o
 .group         0x00000000        0x8 ./Generated_Code/Cpu.o
 .group         0x00000000        0x8 ./Generated_Code/Cpu.o
 .group         0x00000000        0x8 ./Generated_Code/Cpu.o
 .group         0x00000000        0x8 ./Generated_Code/Cpu.o
 .group         0x00000000        0x8 ./Generated_Code/Cpu.o
 .group         0x00000000        0x8 ./Generated_Code/Cpu.o
 .group         0x00000000        0x8 ./Generated_Code/Cpu.o
 .group         0x00000000        0x8 ./Generated_Code/Cpu.o
 .text          0x00000000        0x0 ./Generated_Code/Cpu.o
 .data          0x00000000        0x0 ./Generated_Code/Cpu.o
 .bss           0x00000000        0x0 ./Generated_Code/Cpu.o
 .bss.SR_lock   0x00000000        0x1 ./Generated_Code/Cpu.o
 .debug_macro   0x00000000      0x850 ./Generated_Code/Cpu.o
 .debug_macro   0x00000000      0x214 ./Generated_Code/Cpu.o
 .debug_macro   0x00000000     0x177c ./Generated_Code/Cpu.o
 .debug_macro   0x00000000      0x14e ./Generated_Code/Cpu.o
 .debug_macro   0x00000000       0x6a ./Generated_Code/Cpu.o
 .debug_macro   0x00000000     0xdd9a ./Generated_Code/Cpu.o
 .debug_macro   0x00000000       0x9a ./Generated_Code/Cpu.o
 .debug_macro   0x00000000       0x94 ./Generated_Code/Cpu.o
 .debug_macro   0x00000000      0x12b ./Generated_Code/Cpu.o
 .debug_macro   0x00000000       0x40 ./Generated_Code/Cpu.o
 .debug_macro   0x00000000       0x20 ./Generated_Code/Cpu.o
 .debug_macro   0x00000000       0x47 ./Generated_Code/Cpu.o
 .debug_macro   0x00000000       0x46 ./Generated_Code/Cpu.o
 .debug_macro   0x00000000       0x20 ./Generated_Code/Cpu.o
 .debug_macro   0x00000000       0x47 ./Generated_Code/Cpu.o
 .debug_macro   0x00000000       0x4c ./Generated_Code/Cpu.o
 .debug_macro   0x00000000       0x4c ./Generated_Code/Cpu.o
 .debug_macro   0x00000000       0x4c ./Generated_Code/Cpu.o
 .debug_macro   0x00000000       0x2e ./Generated_Code/Cpu.o
 COMMON         0x00000000        0x1 ./Generated_Code/Cpu.o
 .group         0x00000000        0x8 ./Generated_Code/LEDBit1.o
 .group         0x00000000        0x8 ./Generated_Code/LEDBit1.o
 .group         0x00000000        0x8 ./Generated_Code/LEDBit1.o
 .group         0x00000000        0x8 ./Generated_Code/LEDBit1.o
 .group         0x00000000        0x8 ./Generated_Code/LEDBit1.o
 .group         0x00000000        0x8 ./Generated_Code/LEDBit1.o
 .group         0x00000000        0x8 ./Generated_Code/LEDBit1.o
 .group         0x00000000        0x8 ./Generated_Code/LEDBit1.o
 .group         0x00000000        0x8 ./Generated_Code/LEDBit1.o
 .group         0x00000000        0x8 ./Generated_Code/LEDBit1.o
 .group         0x00000000        0x8 ./Generated_Code/LEDBit1.o
 .group         0x00000000        0x8 ./Generated_Code/LEDBit1.o
 .text          0x00000000        0x0 ./Generated_Code/LEDBit1.o
 .data          0x00000000        0x0 ./Generated_Code/LEDBit1.o
 .bss           0x00000000        0x0 ./Generated_Code/LEDBit1.o
 .text.LEDBit1_Deinit
                0x00000000        0xc ./Generated_Code/LEDBit1.o
 .text.LEDBit1_SetRatio16
                0x00000000       0x3c ./Generated_Code/LEDBit1.o
 .debug_info    0x00000000       0xe8 ./Generated_Code/LEDBit1.o
 .debug_abbrev  0x00000000       0xae ./Generated_Code/LEDBit1.o
 .debug_aranges
                0x00000000       0x28 ./Generated_Code/LEDBit1.o
 .debug_ranges  0x00000000       0x18 ./Generated_Code/LEDBit1.o
 .debug_macro   0x00000000       0xa6 ./Generated_Code/LEDBit1.o
 .debug_macro   0x00000000      0x850 ./Generated_Code/LEDBit1.o
 .debug_macro   0x00000000      0x214 ./Generated_Code/LEDBit1.o
 .debug_macro   0x00000000     0x177c ./Generated_Code/LEDBit1.o
 .debug_macro   0x00000000      0x14e ./Generated_Code/LEDBit1.o
 .debug_macro   0x00000000       0x6a ./Generated_Code/LEDBit1.o
 .debug_macro   0x00000000     0xdd9a ./Generated_Code/LEDBit1.o
 .debug_macro   0x00000000       0x94 ./Generated_Code/LEDBit1.o
 .debug_macro   0x00000000      0x12b ./Generated_Code/LEDBit1.o
 .debug_macro   0x00000000       0x9a ./Generated_Code/LEDBit1.o
 .debug_macro   0x00000000       0x40 ./Generated_Code/LEDBit1.o
 .debug_macro   0x00000000       0x20 ./Generated_Code/LEDBit1.o
 .debug_macro   0x00000000       0x47 ./Generated_Code/LEDBit1.o
 .debug_line    0x00000000      0x20d ./Generated_Code/LEDBit1.o
 .debug_str     0x00000000    0x584b2 ./Generated_Code/LEDBit1.o
 .comment       0x00000000       0x2b ./Generated_Code/LEDBit1.o
 .ARM.attributes
                0x00000000       0x39 ./Generated_Code/LEDBit1.o
 .debug_frame   0x00000000       0x48 ./Generated_Code/LEDBit1.o
 .group         0x00000000        0x8 ./Generated_Code/LEDBit2.o
 .group         0x00000000        0x8 ./Generated_Code/LEDBit2.o
 .group         0x00000000        0x8 ./Generated_Code/LEDBit2.o
 .group         0x00000000        0x8 ./Generated_Code/LEDBit2.o
 .group         0x00000000        0x8 ./Generated_Code/LEDBit2.o
 .group         0x00000000        0x8 ./Generated_Code/LEDBit2.o
 .group         0x00000000        0x8 ./Generated_Code/LEDBit2.o
 .group         0x00000000        0x8 ./Generated_Code/LEDBit2.o
 .group         0x00000000        0x8 ./Generated_Code/LEDBit2.o
 .group         0x00000000        0x8 ./Generated_Code/LEDBit2.o
 .group         0x00000000        0x8 ./Generated_Code/LEDBit2.o
 .group         0x00000000        0x8 ./Generated_Code/LEDBit2.o
 .text          0x00000000        0x0 ./Generated_Code/LEDBit2.o
 .data          0x00000000        0x0 ./Generated_Code/LEDBit2.o
 .bss           0x00000000        0x0 ./Generated_Code/LEDBit2.o
 .text.LEDBit2_Deinit
                0x00000000        0xc ./Generated_Code/LEDBit2.o
 .text.LEDBit2_SetRatio16
                0x00000000       0x3c ./Generated_Code/LEDBit2.o
 .debug_info    0x00000000       0xe8 ./Generated_Code/LEDBit2.o
 .debug_abbrev  0x00000000       0xae ./Generated_Code/LEDBit2.o
 .debug_aranges
                0x00000000       0x28 ./Generated_Code/LEDBit2.o
 .debug_ranges  0x00000000       0x18 ./Generated_Code/LEDBit2.o
 .debug_macro   0x00000000       0xa6 ./Generated_Code/LEDBit2.o
 .debug_macro   0x00000000      0x850 ./Generated_Code/LEDBit2.o
 .debug_macro   0x00000000      0x214 ./Generated_Code/LEDBit2.o
 .debug_macro   0x00000000     0x177c ./Generated_Code/LEDBit2.o
 .debug_macro   0x00000000      0x14e ./Generated_Code/LEDBit2.o
 .debug_macro   0x00000000       0x6a ./Generated_Code/LEDBit2.o
 .debug_macro   0x00000000     0xdd9a ./Generated_Code/LEDBit2.o
 .debug_macro   0x00000000       0x94 ./Generated_Code/LEDBit2.o
 .debug_macro   0x00000000      0x12b ./Generated_Code/LEDBit2.o
 .debug_macro   0x00000000       0x9a ./Generated_Code/LEDBit2.o
 .debug_macro   0x00000000       0x40 ./Generated_Code/LEDBit2.o
 .debug_macro   0x00000000       0x20 ./Generated_Code/LEDBit2.o
 .debug_macro   0x00000000       0x47 ./Generated_Code/LEDBit2.o
 .debug_line    0x00000000      0x20d ./Generated_Code/LEDBit2.o
 .debug_str     0x00000000    0x584b4 ./Generated_Code/LEDBit2.o
 .comment       0x00000000       0x2b ./Generated_Code/LEDBit2.o
 .ARM.attributes
                0x00000000       0x39 ./Generated_Code/LEDBit2.o
 .debug_frame   0x00000000       0x48 ./Generated_Code/LEDBit2.o
 .group         0x00000000        0x8 ./Generated_Code/LEDpin1.o
 .group         0x00000000        0x8 ./Generated_Code/LEDpin1.o
 .group         0x00000000        0x8 ./Generated_Code/LEDpin1.o
 .group         0x00000000        0x8 ./Generated_Code/LEDpin1.o
 .group         0x00000000        0x8 ./Generated_Code/LEDpin1.o
 .group         0x00000000        0x8 ./Generated_Code/LEDpin1.o
 .group         0x00000000        0x8 ./Generated_Code/LEDpin1.o
 .group         0x00000000        0x8 ./Generated_Code/LEDpin1.o
 .group         0x00000000        0x8 ./Generated_Code/LEDpin1.o
 .group         0x00000000        0x8 ./Generated_Code/LEDpin1.o
 .group         0x00000000        0x8 ./Generated_Code/LEDpin1.o
 .text          0x00000000        0x0 ./Generated_Code/LEDpin1.o
 .data          0x00000000        0x0 ./Generated_Code/LEDpin1.o
 .bss           0x00000000        0x0 ./Generated_Code/LEDpin1.o
 .debug_info    0x00000000       0x7d ./Generated_Code/LEDpin1.o
 .debug_abbrev  0x00000000       0x29 ./Generated_Code/LEDpin1.o
 .debug_aranges
                0x00000000       0x18 ./Generated_Code/LEDpin1.o
 .debug_macro   0x00000000       0x97 ./Generated_Code/LEDpin1.o
 .debug_macro   0x00000000      0x850 ./Generated_Code/LEDpin1.o
 .debug_macro   0x00000000      0x214 ./Generated_Code/LEDpin1.o
 .debug_macro   0x00000000     0x177c ./Generated_Code/LEDpin1.o
 .debug_macro   0x00000000      0x14e ./Generated_Code/LEDpin1.o
 .debug_macro   0x00000000       0x6a ./Generated_Code/LEDpin1.o
 .debug_macro   0x00000000     0xdd9a ./Generated_Code/LEDpin1.o
 .debug_macro   0x00000000       0x94 ./Generated_Code/LEDpin1.o
 .debug_macro   0x00000000      0x12b ./Generated_Code/LEDpin1.o
 .debug_macro   0x00000000       0x9a ./Generated_Code/LEDpin1.o
 .debug_macro   0x00000000       0x40 ./Generated_Code/LEDpin1.o
 .debug_macro   0x00000000       0x20 ./Generated_Code/LEDpin1.o
 .debug_line    0x00000000      0x1db ./Generated_Code/LEDpin1.o
 .debug_str     0x00000000    0x582cb ./Generated_Code/LEDpin1.o
 .comment       0x00000000       0x2b ./Generated_Code/LEDpin1.o
 .ARM.attributes
                0x00000000       0x39 ./Generated_Code/LEDpin1.o
 .group         0x00000000        0x8 ./Generated_Code/LEDpin2.o
 .group         0x00000000        0x8 ./Generated_Code/LEDpin2.o
 .group         0x00000000        0x8 ./Generated_Code/LEDpin2.o
 .group         0x00000000        0x8 ./Generated_Code/LEDpin2.o
 .group         0x00000000        0x8 ./Generated_Code/LEDpin2.o
 .group         0x00000000        0x8 ./Generated_Code/LEDpin2.o
 .group         0x00000000        0x8 ./Generated_Code/LEDpin2.o
 .group         0x00000000        0x8 ./Generated_Code/LEDpin2.o
 .group         0x00000000        0x8 ./Generated_Code/LEDpin2.o
 .group         0x00000000        0x8 ./Generated_Code/LEDpin2.o
 .group         0x00000000        0x8 ./Generated_Code/LEDpin2.o
 .text          0x00000000        0x0 ./Generated_Code/LEDpin2.o
 .data          0x00000000        0x0 ./Generated_Code/LEDpin2.o
 .bss           0x00000000        0x0 ./Generated_Code/LEDpin2.o
 .debug_info    0x00000000       0x7d ./Generated_Code/LEDpin2.o
 .debug_abbrev  0x00000000       0x29 ./Generated_Code/LEDpin2.o
 .debug_aranges
                0x00000000       0x18 ./Generated_Code/LEDpin2.o
 .debug_macro   0x00000000       0x97 ./Generated_Code/LEDpin2.o
 .debug_macro   0x00000000      0x850 ./Generated_Code/LEDpin2.o
 .debug_macro   0x00000000      0x214 ./Generated_Code/LEDpin2.o
 .debug_macro   0x00000000     0x177c ./Generated_Code/LEDpin2.o
 .debug_macro   0x00000000      0x14e ./Generated_Code/LEDpin2.o
 .debug_macro   0x00000000       0x6a ./Generated_Code/LEDpin2.o
 .debug_macro   0x00000000     0xdd9a ./Generated_Code/LEDpin2.o
 .debug_macro   0x00000000       0x94 ./Generated_Code/LEDpin2.o
 .debug_macro   0x00000000      0x12b ./Generated_Code/LEDpin2.o
 .debug_macro   0x00000000       0x9a ./Generated_Code/LEDpin2.o
 .debug_macro   0x00000000       0x40 ./Generated_Code/LEDpin2.o
 .debug_macro   0x00000000       0x20 ./Generated_Code/LEDpin2.o
 .debug_line    0x00000000      0x1db ./Generated_Code/LEDpin2.o
 .debug_str     0x00000000    0x582cd ./Generated_Code/LEDpin2.o
 .comment       0x00000000       0x2b ./Generated_Code/LEDpin2.o
 .ARM.attributes
                0x00000000       0x39 ./Generated_Code/LEDpin2.o
 .group         0x00000000        0x8 ./Generated_Code/PE_LDD.o
 .group         0x00000000        0x8 ./Generated_Code/PE_LDD.o
 .group         0x00000000        0x8 ./Generated_Code/PE_LDD.o
 .group         0x00000000        0x8 ./Generated_Code/PE_LDD.o
 .group         0x00000000        0x8 ./Generated_Code/PE_LDD.o
 .group         0x00000000        0x8 ./Generated_Code/PE_LDD.o
 .group         0x00000000        0x8 ./Generated_Code/PE_LDD.o
 .group         0x00000000        0x8 ./Generated_Code/PE_LDD.o
 .group         0x00000000        0x8 ./Generated_Code/PE_LDD.o
 .group         0x00000000        0x8 ./Generated_Code/PE_LDD.o
 .group         0x00000000        0x8 ./Generated_Code/PE_LDD.o
 .group         0x00000000        0x8 ./Generated_Code/PE_LDD.o
 .group         0x00000000        0x8 ./Generated_Code/PE_LDD.o
 .group         0x00000000        0x8 ./Generated_Code/PE_LDD.o
 .group         0x00000000        0x8 ./Generated_Code/PE_LDD.o
 .group         0x00000000        0x8 ./Generated_Code/PE_LDD.o
 .group         0x00000000        0x8 ./Generated_Code/PE_LDD.o
 .group         0x00000000        0x8 ./Generated_Code/PE_LDD.o
 .group         0x00000000        0x8 ./Generated_Code/PE_LDD.o
 .group         0x00000000        0x8 ./Generated_Code/PE_LDD.o
 .group         0x00000000        0x8 ./Generated_Code/PE_LDD.o
 .text          0x00000000        0x0 ./Generated_Code/PE_LDD.o
 .data          0x00000000        0x0 ./Generated_Code/PE_LDD.o
 .bss           0x00000000        0x0 ./Generated_Code/PE_LDD.o
 .rodata.PE_CpuClockConfigurations
                0x00000000       0x28 ./Generated_Code/PE_LDD.o
 .text.PE_FillMemory
                0x00000000       0x24 ./Generated_Code/PE_LDD.o
 .text.PE_PeripheralUsed
                0x00000000       0x48 ./Generated_Code/PE_LDD.o
 .text.LDD_SetClockConfiguration
                0x00000000       0x14 ./Generated_Code/PE_LDD.o
 .debug_macro   0x00000000      0x850 ./Generated_Code/PE_LDD.o
 .debug_macro   0x00000000      0x214 ./Generated_Code/PE_LDD.o
 .debug_macro   0x00000000     0x177c ./Generated_Code/PE_LDD.o
 .debug_macro   0x00000000      0x14e ./Generated_Code/PE_LDD.o
 .debug_macro   0x00000000       0x6a ./Generated_Code/PE_LDD.o
 .debug_macro   0x00000000     0xdd9a ./Generated_Code/PE_LDD.o
 .debug_macro   0x00000000       0x9a ./Generated_Code/PE_LDD.o
 .debug_macro   0x00000000       0x31 ./Generated_Code/PE_LDD.o
 .debug_macro   0x00000000       0x94 ./Generated_Code/PE_LDD.o
 .debug_macro   0x00000000      0x12b ./Generated_Code/PE_LDD.o
 .debug_macro   0x00000000       0x40 ./Generated_Code/PE_LDD.o
 .debug_macro   0x00000000       0x20 ./Generated_Code/PE_LDD.o
 .debug_macro   0x00000000       0x47 ./Generated_Code/PE_LDD.o
 .debug_macro   0x00000000       0x46 ./Generated_Code/PE_LDD.o
 .debug_macro   0x00000000       0x20 ./Generated_Code/PE_LDD.o
 .debug_macro   0x00000000       0x47 ./Generated_Code/PE_LDD.o
 .debug_macro   0x00000000       0x4c ./Generated_Code/PE_LDD.o
 .debug_macro   0x00000000       0x4c ./Generated_Code/PE_LDD.o
 .debug_macro   0x00000000       0x4c ./Generated_Code/PE_LDD.o
 .debug_macro   0x00000000       0x4c ./Generated_Code/PE_LDD.o
 .debug_macro   0x00000000       0x2e ./Generated_Code/PE_LDD.o
 .group         0x00000000        0x8 ./Generated_Code/Vectors.o
 .group         0x00000000        0x8 ./Generated_Code/Vectors.o
 .group         0x00000000        0x8 ./Generated_Code/Vectors.o
 .group         0x00000000        0x8 ./Generated_Code/Vectors.o
 .group         0x00000000        0x8 ./Generated_Code/Vectors.o
 .group         0x00000000        0x8 ./Generated_Code/Vectors.o
 .group         0x00000000        0x8 ./Generated_Code/Vectors.o
 .group         0x00000000        0x8 ./Generated_Code/Vectors.o
 .group         0x00000000        0x8 ./Generated_Code/Vectors.o
 .group         0x00000000        0x8 ./Generated_Code/Vectors.o
 .group         0x00000000        0x8 ./Generated_Code/Vectors.o
 .group         0x00000000        0x8 ./Generated_Code/Vectors.o
 .group         0x00000000        0x8 ./Generated_Code/Vectors.o
 .group         0x00000000        0x8 ./Generated_Code/Vectors.o
 .group         0x00000000        0x8 ./Generated_Code/Vectors.o
 .group         0x00000000        0x8 ./Generated_Code/Vectors.o
 .group         0x00000000        0x8 ./Generated_Code/Vectors.o
 .group         0x00000000        0x8 ./Generated_Code/Vectors.o
 .group         0x00000000        0x8 ./Generated_Code/Vectors.o
 .group         0x00000000        0x8 ./Generated_Code/Vectors.o
 .group         0x00000000        0x8 ./Generated_Code/Vectors.o
 .text          0x00000000        0x0 ./Generated_Code/Vectors.o
 .data          0x00000000        0x0 ./Generated_Code/Vectors.o
 .bss           0x00000000        0x0 ./Generated_Code/Vectors.o
 .debug_macro   0x00000000      0x850 ./Generated_Code/Vectors.o
 .debug_macro   0x00000000      0x214 ./Generated_Code/Vectors.o
 .debug_macro   0x00000000     0x177c ./Generated_Code/Vectors.o
 .debug_macro   0x00000000      0x14e ./Generated_Code/Vectors.o
 .debug_macro   0x00000000       0x6a ./Generated_Code/Vectors.o
 .debug_macro   0x00000000     0xdd9a ./Generated_Code/Vectors.o
 .debug_macro   0x00000000       0x94 ./Generated_Code/Vectors.o
 .debug_macro   0x00000000       0x37 ./Generated_Code/Vectors.o
 .debug_macro   0x00000000       0x94 ./Generated_Code/Vectors.o
 .debug_macro   0x00000000      0x12b ./Generated_Code/Vectors.o
 .debug_macro   0x00000000       0x40 ./Generated_Code/Vectors.o
 .debug_macro   0x00000000       0x20 ./Generated_Code/Vectors.o
 .debug_macro   0x00000000       0x47 ./Generated_Code/Vectors.o
 .debug_macro   0x00000000       0x46 ./Generated_Code/Vectors.o
 .debug_macro   0x00000000       0x20 ./Generated_Code/Vectors.o
 .debug_macro   0x00000000       0x47 ./Generated_Code/Vectors.o
 .debug_macro   0x00000000       0x4c ./Generated_Code/Vectors.o
 .debug_macro   0x00000000       0x4c ./Generated_Code/Vectors.o
 .debug_macro   0x00000000       0x4c ./Generated_Code/Vectors.o
 .debug_macro   0x00000000       0x4c ./Generated_Code/Vectors.o
 .debug_macro   0x00000000       0x2e ./Generated_Code/Vectors.o
 .group         0x00000000        0x8 ./Generated_Code/WAIT1.o
 .group         0x00000000        0x8 ./Generated_Code/WAIT1.o
 .group         0x00000000        0x8 ./Generated_Code/WAIT1.o
 .group         0x00000000        0x8 ./Generated_Code/WAIT1.o
 .group         0x00000000        0x8 ./Generated_Code/WAIT1.o
 .group         0x00000000        0x8 ./Generated_Code/WAIT1.o
 .group         0x00000000        0x8 ./Generated_Code/WAIT1.o
 .group         0x00000000        0x8 ./Generated_Code/WAIT1.o
 .text          0x00000000        0x0 ./Generated_Code/WAIT1.o
 .data          0x00000000        0x0 ./Generated_Code/WAIT1.o
 .bss           0x00000000        0x0 ./Generated_Code/WAIT1.o
 .debug_macro   0x00000000      0x850 ./Generated_Code/WAIT1.o
 .debug_macro   0x00000000      0x214 ./Generated_Code/WAIT1.o
 .debug_macro   0x00000000     0x177c ./Generated_Code/WAIT1.o
 .debug_macro   0x00000000      0x14e ./Generated_Code/WAIT1.o
 .debug_macro   0x00000000       0x6a ./Generated_Code/WAIT1.o
 .debug_macro   0x00000000     0xdd9a ./Generated_Code/WAIT1.o
 .debug_macro   0x00000000       0x9a ./Generated_Code/WAIT1.o
 .debug_macro   0x00000000       0x31 ./Generated_Code/WAIT1.o
 .text          0x00000000        0x0 c:/freescale/kds_2.0.0/toolchain/bin/../lib/gcc/arm-none-eabi/4.8.0/../../../../arm-none-eabi/lib/m4/fp/v4-sp-d16\libg_s.a(lib_a-atexit.o)
 .data          0x00000000        0x0 c:/freescale/kds_2.0.0/toolchain/bin/../lib/gcc/arm-none-eabi/4.8.0/../../../../arm-none-eabi/lib/m4/fp/v4-sp-d16\libg_s.a(lib_a-atexit.o)
 .bss           0x00000000        0x0 c:/freescale/kds_2.0.0/toolchain/bin/../lib/gcc/arm-none-eabi/4.8.0/../../../../arm-none-eabi/lib/m4/fp/v4-sp-d16\libg_s.a(lib_a-atexit.o)
 .text.atexit   0x00000000        0xc c:/freescale/kds_2.0.0/toolchain/bin/../lib/gcc/arm-none-eabi/4.8.0/../../../../arm-none-eabi/lib/m4/fp/v4-sp-d16\libg_s.a(lib_a-atexit.o)
 .comment       0x00000000       0x2b c:/freescale/kds_2.0.0/toolchain/bin/../lib/gcc/arm-none-eabi/4.8.0/../../../../arm-none-eabi/lib/m4/fp/v4-sp-d16\libg_s.a(lib_a-atexit.o)
 .ARM.attributes
                0x00000000       0x39 c:/freescale/kds_2.0.0/toolchain/bin/../lib/gcc/arm-none-eabi/4.8.0/../../../../arm-none-eabi/lib/m4/fp/v4-sp-d16\libg_s.a(lib_a-atexit.o)
 .text          0x00000000        0x0 c:/freescale/kds_2.0.0/toolchain/bin/../lib/gcc/arm-none-eabi/4.8.0/../../../../arm-none-eabi/lib/m4/fp/v4-sp-d16\libg_s.a(lib_a-exit.o)
 .data          0x00000000        0x0 c:/freescale/kds_2.0.0/toolchain/bin/../lib/gcc/arm-none-eabi/4.8.0/../../../../arm-none-eabi/lib/m4/fp/v4-sp-d16\libg_s.a(lib_a-exit.o)
 .bss           0x00000000        0x0 c:/freescale/kds_2.0.0/toolchain/bin/../lib/gcc/arm-none-eabi/4.8.0/../../../../arm-none-eabi/lib/m4/fp/v4-sp-d16\libg_s.a(lib_a-exit.o)
 .text.exit     0x00000000       0x2c c:/freescale/kds_2.0.0/toolchain/bin/../lib/gcc/arm-none-eabi/4.8.0/../../../../arm-none-eabi/lib/m4/fp/v4-sp-d16\libg_s.a(lib_a-exit.o)
 .comment       0x00000000       0x2b c:/freescale/kds_2.0.0/toolchain/bin/../lib/gcc/arm-none-eabi/4.8.0/../../../../arm-none-eabi/lib/m4/fp/v4-sp-d16\libg_s.a(lib_a-exit.o)
 .ARM.attributes
                0x00000000       0x39 c:/freescale/kds_2.0.0/toolchain/bin/../lib/gcc/arm-none-eabi/4.8.0/../../../../arm-none-eabi/lib/m4/fp/v4-sp-d16\libg_s.a(lib_a-exit.o)
 .text          0x00000000        0x0 c:/freescale/kds_2.0.0/toolchain/bin/../lib/gcc/arm-none-eabi/4.8.0/../../../../arm-none-eabi/lib/m4/fp/v4-sp-d16\libg_s.a(lib_a-fini.o)
 .data          0x00000000        0x0 c:/freescale/kds_2.0.0/toolchain/bin/../lib/gcc/arm-none-eabi/4.8.0/../../../../arm-none-eabi/lib/m4/fp/v4-sp-d16\libg_s.a(lib_a-fini.o)
 .bss           0x00000000        0x0 c:/freescale/kds_2.0.0/toolchain/bin/../lib/gcc/arm-none-eabi/4.8.0/../../../../arm-none-eabi/lib/m4/fp/v4-sp-d16\libg_s.a(lib_a-fini.o)
 .text.__libc_fini_array
                0x00000000       0x28 c:/freescale/kds_2.0.0/toolchain/bin/../lib/gcc/arm-none-eabi/4.8.0/../../../../arm-none-eabi/lib/m4/fp/v4-sp-d16\libg_s.a(lib_a-fini.o)
 .comment       0x00000000       0x2b c:/freescale/kds_2.0.0/toolchain/bin/../lib/gcc/arm-none-eabi/4.8.0/../../../../arm-none-eabi/lib/m4/fp/v4-sp-d16\libg_s.a(lib_a-fini.o)
 .ARM.attributes
                0x00000000       0x39 c:/freescale/kds_2.0.0/toolchain/bin/../lib/gcc/arm-none-eabi/4.8.0/../../../../arm-none-eabi/lib/m4/fp/v4-sp-d16\libg_s.a(lib_a-fini.o)
 .text          0x00000000        0x0 c:/freescale/kds_2.0.0/toolchain/bin/../lib/gcc/arm-none-eabi/4.8.0/../../../../arm-none-eabi/lib/m4/fp/v4-sp-d16\libg_s.a(lib_a-impure.o)
 .data          0x00000000        0x0 c:/freescale/kds_2.0.0/toolchain/bin/../lib/gcc/arm-none-eabi/4.8.0/../../../../arm-none-eabi/lib/m4/fp/v4-sp-d16\libg_s.a(lib_a-impure.o)
 .bss           0x00000000        0x0 c:/freescale/kds_2.0.0/toolchain/bin/../lib/gcc/arm-none-eabi/4.8.0/../../../../arm-none-eabi/lib/m4/fp/v4-sp-d16\libg_s.a(lib_a-impure.o)
 .data.impure_data
                0x00000000      0x298 c:/freescale/kds_2.0.0/toolchain/bin/../lib/gcc/arm-none-eabi/4.8.0/../../../../arm-none-eabi/lib/m4/fp/v4-sp-d16\libg_s.a(lib_a-impure.o)
 .data._impure_ptr
                0x00000000        0x4 c:/freescale/kds_2.0.0/toolchain/bin/../lib/gcc/arm-none-eabi/4.8.0/../../../../arm-none-eabi/lib/m4/fp/v4-sp-d16\libg_s.a(lib_a-impure.o)
 .rodata.str1.1
                0x00000000        0x2 c:/freescale/kds_2.0.0/toolchain/bin/../lib/gcc/arm-none-eabi/4.8.0/../../../../arm-none-eabi/lib/m4/fp/v4-sp-d16\libg_s.a(lib_a-impure.o)
 .rodata._global_impure_ptr
                0x00000000        0x4 c:/freescale/kds_2.0.0/toolchain/bin/../lib/gcc/arm-none-eabi/4.8.0/../../../../arm-none-eabi/lib/m4/fp/v4-sp-d16\libg_s.a(lib_a-impure.o)
 .comment       0x00000000       0x2b c:/freescale/kds_2.0.0/toolchain/bin/../lib/gcc/arm-none-eabi/4.8.0/../../../../arm-none-eabi/lib/m4/fp/v4-sp-d16\libg_s.a(lib_a-impure.o)
 .ARM.attributes
                0x00000000       0x39 c:/freescale/kds_2.0.0/toolchain/bin/../lib/gcc/arm-none-eabi/4.8.0/../../../../arm-none-eabi/lib/m4/fp/v4-sp-d16\libg_s.a(lib_a-impure.o)
 .text          0x00000000        0x0 c:/freescale/kds_2.0.0/toolchain/bin/../lib/gcc/arm-none-eabi/4.8.0/../../../../arm-none-eabi/lib/m4/fp/v4-sp-d16\libg_s.a(lib_a-memset.o)
 .data          0x00000000        0x0 c:/freescale/kds_2.0.0/toolchain/bin/../lib/gcc/arm-none-eabi/4.8.0/../../../../arm-none-eabi/lib/m4/fp/v4-sp-d16\libg_s.a(lib_a-memset.o)
 .bss           0x00000000        0x0 c:/freescale/kds_2.0.0/toolchain/bin/../lib/gcc/arm-none-eabi/4.8.0/../../../../arm-none-eabi/lib/m4/fp/v4-sp-d16\libg_s.a(lib_a-memset.o)
 .text.memset   0x00000000       0x10 c:/freescale/kds_2.0.0/toolchain/bin/../lib/gcc/arm-none-eabi/4.8.0/../../../../arm-none-eabi/lib/m4/fp/v4-sp-d16\libg_s.a(lib_a-memset.o)
 .comment       0x00000000       0x2b c:/freescale/kds_2.0.0/toolchain/bin/../lib/gcc/arm-none-eabi/4.8.0/../../../../arm-none-eabi/lib/m4/fp/v4-sp-d16\libg_s.a(lib_a-memset.o)
 .ARM.attributes
                0x00000000       0x39 c:/freescale/kds_2.0.0/toolchain/bin/../lib/gcc/arm-none-eabi/4.8.0/../../../../arm-none-eabi/lib/m4/fp/v4-sp-d16\libg_s.a(lib_a-memset.o)
 .text          0x00000000        0x0 c:/freescale/kds_2.0.0/toolchain/bin/../lib/gcc/arm-none-eabi/4.8.0/../../../../arm-none-eabi/lib/m4/fp/v4-sp-d16\libg_s.a(lib_a-syscalls.o)
 .data          0x00000000        0x0 c:/freescale/kds_2.0.0/toolchain/bin/../lib/gcc/arm-none-eabi/4.8.0/../../../../arm-none-eabi/lib/m4/fp/v4-sp-d16\libg_s.a(lib_a-syscalls.o)
 .bss           0x00000000        0x0 c:/freescale/kds_2.0.0/toolchain/bin/../lib/gcc/arm-none-eabi/4.8.0/../../../../arm-none-eabi/lib/m4/fp/v4-sp-d16\libg_s.a(lib_a-syscalls.o)
 .text.invalid_fd
                0x00000000       0x1c c:/freescale/kds_2.0.0/toolchain/bin/../lib/gcc/arm-none-eabi/4.8.0/../../../../arm-none-eabi/lib/m4/fp/v4-sp-d16\libg_s.a(lib_a-syscalls.o)
 .text.error    0x00000000       0x1c c:/freescale/kds_2.0.0/toolchain/bin/../lib/gcc/arm-none-eabi/4.8.0/../../../../arm-none-eabi/lib/m4/fp/v4-sp-d16\libg_s.a(lib_a-syscalls.o)
 .text.findslot.part.0
                0x00000000       0x1c c:/freescale/kds_2.0.0/toolchain/bin/../lib/gcc/arm-none-eabi/4.8.0/../../../../arm-none-eabi/lib/m4/fp/v4-sp-d16\libg_s.a(lib_a-syscalls.o)
 .text.initialise_monitor_handles
                0x00000000       0x80 c:/freescale/kds_2.0.0/toolchain/bin/../lib/gcc/arm-none-eabi/4.8.0/../../../../arm-none-eabi/lib/m4/fp/v4-sp-d16\libg_s.a(lib_a-syscalls.o)
 .text._swiread
                0x00000000       0x24 c:/freescale/kds_2.0.0/toolchain/bin/../lib/gcc/arm-none-eabi/4.8.0/../../../../arm-none-eabi/lib/m4/fp/v4-sp-d16\libg_s.a(lib_a-syscalls.o)
 .text._read    0x00000000       0x70 c:/freescale/kds_2.0.0/toolchain/bin/../lib/gcc/arm-none-eabi/4.8.0/../../../../arm-none-eabi/lib/m4/fp/v4-sp-d16\libg_s.a(lib_a-syscalls.o)
 .text._swilseek
                0x00000000       0xa0 c:/freescale/kds_2.0.0/toolchain/bin/../lib/gcc/arm-none-eabi/4.8.0/../../../../arm-none-eabi/lib/m4/fp/v4-sp-d16\libg_s.a(lib_a-syscalls.o)
 .text._lseek   0x00000000       0x14 c:/freescale/kds_2.0.0/toolchain/bin/../lib/gcc/arm-none-eabi/4.8.0/../../../../arm-none-eabi/lib/m4/fp/v4-sp-d16\libg_s.a(lib_a-syscalls.o)
 .text._swiwrite
                0x00000000       0x24 c:/freescale/kds_2.0.0/toolchain/bin/../lib/gcc/arm-none-eabi/4.8.0/../../../../arm-none-eabi/lib/m4/fp/v4-sp-d16\libg_s.a(lib_a-syscalls.o)
 .text._write   0x00000000       0x74 c:/freescale/kds_2.0.0/toolchain/bin/../lib/gcc/arm-none-eabi/4.8.0/../../../../arm-none-eabi/lib/m4/fp/v4-sp-d16\libg_s.a(lib_a-syscalls.o)
 .text._swiopen
                0x00000000       0x88 c:/freescale/kds_2.0.0/toolchain/bin/../lib/gcc/arm-none-eabi/4.8.0/../../../../arm-none-eabi/lib/m4/fp/v4-sp-d16\libg_s.a(lib_a-syscalls.o)
 .text._open    0x00000000       0x20 c:/freescale/kds_2.0.0/toolchain/bin/../lib/gcc/arm-none-eabi/4.8.0/../../../../arm-none-eabi/lib/m4/fp/v4-sp-d16\libg_s.a(lib_a-syscalls.o)
 .text._swiclose
                0x00000000       0x48 c:/freescale/kds_2.0.0/toolchain/bin/../lib/gcc/arm-none-eabi/4.8.0/../../../../arm-none-eabi/lib/m4/fp/v4-sp-d16\libg_s.a(lib_a-syscalls.o)
 .text._close   0x00000000       0x14 c:/freescale/kds_2.0.0/toolchain/bin/../lib/gcc/arm-none-eabi/4.8.0/../../../../arm-none-eabi/lib/m4/fp/v4-sp-d16\libg_s.a(lib_a-syscalls.o)
 .text._kill    0x00000000       0x20 c:/freescale/kds_2.0.0/toolchain/bin/../lib/gcc/arm-none-eabi/4.8.0/../../../../arm-none-eabi/lib/m4/fp/v4-sp-d16\libg_s.a(lib_a-syscalls.o)
 .text._exit    0x00000000        0xc c:/freescale/kds_2.0.0/toolchain/bin/../lib/gcc/arm-none-eabi/4.8.0/../../../../arm-none-eabi/lib/m4/fp/v4-sp-d16\libg_s.a(lib_a-syscalls.o)
 .text._getpid  0x00000000        0x4 c:/freescale/kds_2.0.0/toolchain/bin/../lib/gcc/arm-none-eabi/4.8.0/../../../../arm-none-eabi/lib/m4/fp/v4-sp-d16\libg_s.a(lib_a-syscalls.o)
 .text._sbrk    0x00000000       0x38 c:/freescale/kds_2.0.0/toolchain/bin/../lib/gcc/arm-none-eabi/4.8.0/../../../../arm-none-eabi/lib/m4/fp/v4-sp-d16\libg_s.a(lib_a-syscalls.o)
 .text._fstat   0x00000000       0x1e c:/freescale/kds_2.0.0/toolchain/bin/../lib/gcc/arm-none-eabi/4.8.0/../../../../arm-none-eabi/lib/m4/fp/v4-sp-d16\libg_s.a(lib_a-syscalls.o)
 .text._stat    0x00000000       0x34 c:/freescale/kds_2.0.0/toolchain/bin/../lib/gcc/arm-none-eabi/4.8.0/../../../../arm-none-eabi/lib/m4/fp/v4-sp-d16\libg_s.a(lib_a-syscalls.o)
 .text._link    0x00000000        0x6 c:/freescale/kds_2.0.0/toolchain/bin/../lib/gcc/arm-none-eabi/4.8.0/../../../../arm-none-eabi/lib/m4/fp/v4-sp-d16\libg_s.a(lib_a-syscalls.o)
 .text._unlink  0x00000000       0x2c c:/freescale/kds_2.0.0/toolchain/bin/../lib/gcc/arm-none-eabi/4.8.0/../../../../arm-none-eabi/lib/m4/fp/v4-sp-d16\libg_s.a(lib_a-syscalls.o)
 .text._raise   0x00000000        0x2 c:/freescale/kds_2.0.0/toolchain/bin/../lib/gcc/arm-none-eabi/4.8.0/../../../../arm-none-eabi/lib/m4/fp/v4-sp-d16\libg_s.a(lib_a-syscalls.o)
 .text._gettimeofday
                0x00000000       0x26 c:/freescale/kds_2.0.0/toolchain/bin/../lib/gcc/arm-none-eabi/4.8.0/../../../../arm-none-eabi/lib/m4/fp/v4-sp-d16\libg_s.a(lib_a-syscalls.o)
 .text._times   0x00000000       0x20 c:/freescale/kds_2.0.0/toolchain/bin/../lib/gcc/arm-none-eabi/4.8.0/../../../../arm-none-eabi/lib/m4/fp/v4-sp-d16\libg_s.a(lib_a-syscalls.o)
 .text._isatty  0x00000000       0x40 c:/freescale/kds_2.0.0/toolchain/bin/../lib/gcc/arm-none-eabi/4.8.0/../../../../arm-none-eabi/lib/m4/fp/v4-sp-d16\libg_s.a(lib_a-syscalls.o)
 .text._system  0x00000000       0x3e c:/freescale/kds_2.0.0/toolchain/bin/../lib/gcc/arm-none-eabi/4.8.0/../../../../arm-none-eabi/lib/m4/fp/v4-sp-d16\libg_s.a(lib_a-syscalls.o)
 .text._rename  0x00000000       0x3a c:/freescale/kds_2.0.0/toolchain/bin/../lib/gcc/arm-none-eabi/4.8.0/../../../../arm-none-eabi/lib/m4/fp/v4-sp-d16\libg_s.a(lib_a-syscalls.o)
 .bss.monitor_stdout
                0x00000000        0x4 c:/freescale/kds_2.0.0/toolchain/bin/../lib/gcc/arm-none-eabi/4.8.0/../../../../arm-none-eabi/lib/m4/fp/v4-sp-d16\libg_s.a(lib_a-syscalls.o)
 .bss.monitor_stdin
                0x00000000        0x4 c:/freescale/kds_2.0.0/toolchain/bin/../lib/gcc/arm-none-eabi/4.8.0/../../../../arm-none-eabi/lib/m4/fp/v4-sp-d16\libg_s.a(lib_a-syscalls.o)
 .rodata.str1.1
                0x00000000        0x4 c:/freescale/kds_2.0.0/toolchain/bin/../lib/gcc/arm-none-eabi/4.8.0/../../../../arm-none-eabi/lib/m4/fp/v4-sp-d16\libg_s.a(lib_a-syscalls.o)
 .bss.heap_end.5175
                0x00000000        0x4 c:/freescale/kds_2.0.0/toolchain/bin/../lib/gcc/arm-none-eabi/4.8.0/../../../../arm-none-eabi/lib/m4/fp/v4-sp-d16\libg_s.a(lib_a-syscalls.o)
 .bss.monitor_stderr
                0x00000000        0x4 c:/freescale/kds_2.0.0/toolchain/bin/../lib/gcc/arm-none-eabi/4.8.0/../../../../arm-none-eabi/lib/m4/fp/v4-sp-d16\libg_s.a(lib_a-syscalls.o)
 .bss.openfiles
                0x00000000       0xa0 c:/freescale/kds_2.0.0/toolchain/bin/../lib/gcc/arm-none-eabi/4.8.0/../../../../arm-none-eabi/lib/m4/fp/v4-sp-d16\libg_s.a(lib_a-syscalls.o)
 .comment       0x00000000       0x2b c:/freescale/kds_2.0.0/toolchain/bin/../lib/gcc/arm-none-eabi/4.8.0/../../../../arm-none-eabi/lib/m4/fp/v4-sp-d16\libg_s.a(lib_a-syscalls.o)
 .ARM.attributes
                0x00000000       0x39 c:/freescale/kds_2.0.0/toolchain/bin/../lib/gcc/arm-none-eabi/4.8.0/../../../../arm-none-eabi/lib/m4/fp/v4-sp-d16\libg_s.a(lib_a-syscalls.o)
 .text          0x00000000        0x0 c:/freescale/kds_2.0.0/toolchain/bin/../lib/gcc/arm-none-eabi/4.8.0/../../../../arm-none-eabi/lib/m4/fp/v4-sp-d16\libg_s.a(lib_a-__atexit.o)
 .data          0x00000000        0x0 c:/freescale/kds_2.0.0/toolchain/bin/../lib/gcc/arm-none-eabi/4.8.0/../../../../arm-none-eabi/lib/m4/fp/v4-sp-d16\libg_s.a(lib_a-__atexit.o)
 .bss           0x00000000        0x0 c:/freescale/kds_2.0.0/toolchain/bin/../lib/gcc/arm-none-eabi/4.8.0/../../../../arm-none-eabi/lib/m4/fp/v4-sp-d16\libg_s.a(lib_a-__atexit.o)
 .text.__do_register_exitproc
                0x00000000       0x78 c:/freescale/kds_2.0.0/toolchain/bin/../lib/gcc/arm-none-eabi/4.8.0/../../../../arm-none-eabi/lib/m4/fp/v4-sp-d16\libg_s.a(lib_a-__atexit.o)
 .data.__atexit_dummy
                0x00000000        0x4 c:/freescale/kds_2.0.0/toolchain/bin/../lib/gcc/arm-none-eabi/4.8.0/../../../../arm-none-eabi/lib/m4/fp/v4-sp-d16\libg_s.a(lib_a-__atexit.o)
 .comment       0x00000000       0x2b c:/freescale/kds_2.0.0/toolchain/bin/../lib/gcc/arm-none-eabi/4.8.0/../../../../arm-none-eabi/lib/m4/fp/v4-sp-d16\libg_s.a(lib_a-__atexit.o)
 .ARM.attributes
                0x00000000       0x39 c:/freescale/kds_2.0.0/toolchain/bin/../lib/gcc/arm-none-eabi/4.8.0/../../../../arm-none-eabi/lib/m4/fp/v4-sp-d16\libg_s.a(lib_a-__atexit.o)
 .text          0x00000000        0x0 c:/freescale/kds_2.0.0/toolchain/bin/../lib/gcc/arm-none-eabi/4.8.0/../../../../arm-none-eabi/lib/m4/fp/v4-sp-d16\libg_s.a(lib_a-__call_atexit.o)
 .data          0x00000000        0x0 c:/freescale/kds_2.0.0/toolchain/bin/../lib/gcc/arm-none-eabi/4.8.0/../../../../arm-none-eabi/lib/m4/fp/v4-sp-d16\libg_s.a(lib_a-__call_atexit.o)
 .bss           0x00000000        0x0 c:/freescale/kds_2.0.0/toolchain/bin/../lib/gcc/arm-none-eabi/4.8.0/../../../../arm-none-eabi/lib/m4/fp/v4-sp-d16\libg_s.a(lib_a-__call_atexit.o)
 .text.__call_exitprocs
                0x00000000       0xa4 c:/freescale/kds_2.0.0/toolchain/bin/../lib/gcc/arm-none-eabi/4.8.0/../../../../arm-none-eabi/lib/m4/fp/v4-sp-d16\libg_s.a(lib_a-__call_atexit.o)
 .comment       0x00000000       0x2b c:/freescale/kds_2.0.0/toolchain/bin/../lib/gcc/arm-none-eabi/4.8.0/../../../../arm-none-eabi/lib/m4/fp/v4-sp-d16\libg_s.a(lib_a-__call_atexit.o)
 .ARM.attributes
                0x00000000       0x39 c:/freescale/kds_2.0.0/toolchain/bin/../lib/gcc/arm-none-eabi/4.8.0/../../../../arm-none-eabi/lib/m4/fp/v4-sp-d16\libg_s.a(lib_a-__call_atexit.o)
 .text          0x00000000        0x0 c:/freescale/kds_2.0.0/toolchain/bin/../lib/gcc/arm-none-eabi/4.8.0/../../../../arm-none-eabi/lib/m4/fp/v4-sp-d16\libg_s.a(lib_a-errno.o)
 .data          0x00000000        0x0 c:/freescale/kds_2.0.0/toolchain/bin/../lib/gcc/arm-none-eabi/4.8.0/../../../../arm-none-eabi/lib/m4/fp/v4-sp-d16\libg_s.a(lib_a-errno.o)
 .bss           0x00000000        0x0 c:/freescale/kds_2.0.0/toolchain/bin/../lib/gcc/arm-none-eabi/4.8.0/../../../../arm-none-eabi/lib/m4/fp/v4-sp-d16\libg_s.a(lib_a-errno.o)
 .text.__errno  0x00000000        0xc c:/freescale/kds_2.0.0/toolchain/bin/../lib/gcc/arm-none-eabi/4.8.0/../../../../arm-none-eabi/lib/m4/fp/v4-sp-d16\libg_s.a(lib_a-errno.o)
 .comment       0x00000000       0x2b c:/freescale/kds_2.0.0/toolchain/bin/../lib/gcc/arm-none-eabi/4.8.0/../../../../arm-none-eabi/lib/m4/fp/v4-sp-d16\libg_s.a(lib_a-errno.o)
 .ARM.attributes
                0x00000000       0x39 c:/freescale/kds_2.0.0/toolchain/bin/../lib/gcc/arm-none-eabi/4.8.0/../../../../arm-none-eabi/lib/m4/fp/v4-sp-d16\libg_s.a(lib_a-errno.o)
 .text          0x00000000        0x0 c:/freescale/kds_2.0.0/toolchain/bin/../lib/gcc/arm-none-eabi/4.8.0/../../../../arm-none-eabi/lib/m4/fp/v4-sp-d16\libg_s.a(lib_a-malloc.o)
 .data          0x00000000        0x0 c:/freescale/kds_2.0.0/toolchain/bin/../lib/gcc/arm-none-eabi/4.8.0/../../../../arm-none-eabi/lib/m4/fp/v4-sp-d16\libg_s.a(lib_a-malloc.o)
 .bss           0x00000000        0x0 c:/freescale/kds_2.0.0/toolchain/bin/../lib/gcc/arm-none-eabi/4.8.0/../../../../arm-none-eabi/lib/m4/fp/v4-sp-d16\libg_s.a(lib_a-malloc.o)
 .text.malloc   0x00000000       0x10 c:/freescale/kds_2.0.0/toolchain/bin/../lib/gcc/arm-none-eabi/4.8.0/../../../../arm-none-eabi/lib/m4/fp/v4-sp-d16\libg_s.a(lib_a-malloc.o)
 .text.free     0x00000000       0x10 c:/freescale/kds_2.0.0/toolchain/bin/../lib/gcc/arm-none-eabi/4.8.0/../../../../arm-none-eabi/lib/m4/fp/v4-sp-d16\libg_s.a(lib_a-malloc.o)
 .comment       0x00000000       0x2b c:/freescale/kds_2.0.0/toolchain/bin/../lib/gcc/arm-none-eabi/4.8.0/../../../../arm-none-eabi/lib/m4/fp/v4-sp-d16\libg_s.a(lib_a-malloc.o)
 .ARM.attributes
                0x00000000       0x39 c:/freescale/kds_2.0.0/toolchain/bin/../lib/gcc/arm-none-eabi/4.8.0/../../../../arm-none-eabi/lib/m4/fp/v4-sp-d16\libg_s.a(lib_a-malloc.o)
 .text          0x00000000        0x0 c:/freescale/kds_2.0.0/toolchain/bin/../lib/gcc/arm-none-eabi/4.8.0/../../../../arm-none-eabi/lib/m4/fp/v4-sp-d16\libg_s.a(lib_a-mallocr.o)
 .data          0x00000000        0x0 c:/freescale/kds_2.0.0/toolchain/bin/../lib/gcc/arm-none-eabi/4.8.0/../../../../arm-none-eabi/lib/m4/fp/v4-sp-d16\libg_s.a(lib_a-mallocr.o)
 .bss           0x00000000        0x0 c:/freescale/kds_2.0.0/toolchain/bin/../lib/gcc/arm-none-eabi/4.8.0/../../../../arm-none-eabi/lib/m4/fp/v4-sp-d16\libg_s.a(lib_a-mallocr.o)
 .text._malloc_r
                0x00000000       0x98 c:/freescale/kds_2.0.0/toolchain/bin/../lib/gcc/arm-none-eabi/4.8.0/../../../../arm-none-eabi/lib/m4/fp/v4-sp-d16\libg_s.a(lib_a-mallocr.o)
 .bss.__malloc_free_list
                0x00000000        0x4 c:/freescale/kds_2.0.0/toolchain/bin/../lib/gcc/arm-none-eabi/4.8.0/../../../../arm-none-eabi/lib/m4/fp/v4-sp-d16\libg_s.a(lib_a-mallocr.o)
 .comment       0x00000000       0x2b c:/freescale/kds_2.0.0/toolchain/bin/../lib/gcc/arm-none-eabi/4.8.0/../../../../arm-none-eabi/lib/m4/fp/v4-sp-d16\libg_s.a(lib_a-mallocr.o)
 .ARM.attributes
                0x00000000       0x39 c:/freescale/kds_2.0.0/toolchain/bin/../lib/gcc/arm-none-eabi/4.8.0/../../../../arm-none-eabi/lib/m4/fp/v4-sp-d16\libg_s.a(lib_a-mallocr.o)
 .text          0x00000000        0x0 c:/freescale/kds_2.0.0/toolchain/bin/../lib/gcc/arm-none-eabi/4.8.0/../../../../arm-none-eabi/lib/m4/fp/v4-sp-d16\libg_s.a(lib_a-sbrkr.o)
 .data          0x00000000        0x0 c:/freescale/kds_2.0.0/toolchain/bin/../lib/gcc/arm-none-eabi/4.8.0/../../../../arm-none-eabi/lib/m4/fp/v4-sp-d16\libg_s.a(lib_a-sbrkr.o)
 .bss           0x00000000        0x0 c:/freescale/kds_2.0.0/toolchain/bin/../lib/gcc/arm-none-eabi/4.8.0/../../../../arm-none-eabi/lib/m4/fp/v4-sp-d16\libg_s.a(lib_a-sbrkr.o)
 .text._sbrk_r  0x00000000       0x20 c:/freescale/kds_2.0.0/toolchain/bin/../lib/gcc/arm-none-eabi/4.8.0/../../../../arm-none-eabi/lib/m4/fp/v4-sp-d16\libg_s.a(lib_a-sbrkr.o)
 .comment       0x00000000       0x2b c:/freescale/kds_2.0.0/toolchain/bin/../lib/gcc/arm-none-eabi/4.8.0/../../../../arm-none-eabi/lib/m4/fp/v4-sp-d16\libg_s.a(lib_a-sbrkr.o)
 .ARM.attributes
                0x00000000       0x39 c:/freescale/kds_2.0.0/toolchain/bin/../lib/gcc/arm-none-eabi/4.8.0/../../../../arm-none-eabi/lib/m4/fp/v4-sp-d16\libg_s.a(lib_a-sbrkr.o)
 .text          0x00000000        0x0 c:/freescale/kds_2.0.0/toolchain/bin/../lib/gcc/arm-none-eabi/4.8.0/../../../../arm-none-eabi/lib/m4/fp/v4-sp-d16\libg_s.a(lib_a-strlen.o)
 .data          0x00000000        0x0 c:/freescale/kds_2.0.0/toolchain/bin/../lib/gcc/arm-none-eabi/4.8.0/../../../../arm-none-eabi/lib/m4/fp/v4-sp-d16\libg_s.a(lib_a-strlen.o)
 .bss           0x00000000        0x0 c:/freescale/kds_2.0.0/toolchain/bin/../lib/gcc/arm-none-eabi/4.8.0/../../../../arm-none-eabi/lib/m4/fp/v4-sp-d16\libg_s.a(lib_a-strlen.o)
 .text.strlen   0x00000000       0x10 c:/freescale/kds_2.0.0/toolchain/bin/../lib/gcc/arm-none-eabi/4.8.0/../../../../arm-none-eabi/lib/m4/fp/v4-sp-d16\libg_s.a(lib_a-strlen.o)
 .comment       0x00000000       0x2b c:/freescale/kds_2.0.0/toolchain/bin/../lib/gcc/arm-none-eabi/4.8.0/../../../../arm-none-eabi/lib/m4/fp/v4-sp-d16\libg_s.a(lib_a-strlen.o)
 .ARM.attributes
                0x00000000       0x39 c:/freescale/kds_2.0.0/toolchain/bin/../lib/gcc/arm-none-eabi/4.8.0/../../../../arm-none-eabi/lib/m4/fp/v4-sp-d16\libg_s.a(lib_a-strlen.o)
 .text          0x00000000        0x0 c:/freescale/kds_2.0.0/toolchain/bin/../lib/gcc/arm-none-eabi/4.8.0/../../../../arm-none-eabi/lib/m4/fp/v4-sp-d16\libg_s.a(lib_a-freer.o)
 .data          0x00000000        0x0 c:/freescale/kds_2.0.0/toolchain/bin/../lib/gcc/arm-none-eabi/4.8.0/../../../../arm-none-eabi/lib/m4/fp/v4-sp-d16\libg_s.a(lib_a-freer.o)
 .bss           0x00000000        0x0 c:/freescale/kds_2.0.0/toolchain/bin/../lib/gcc/arm-none-eabi/4.8.0/../../../../arm-none-eabi/lib/m4/fp/v4-sp-d16\libg_s.a(lib_a-freer.o)
 .text._free_r  0x00000000       0x88 c:/freescale/kds_2.0.0/toolchain/bin/../lib/gcc/arm-none-eabi/4.8.0/../../../../arm-none-eabi/lib/m4/fp/v4-sp-d16\libg_s.a(lib_a-freer.o)
 .comment       0x00000000       0x2b c:/freescale/kds_2.0.0/toolchain/bin/../lib/gcc/arm-none-eabi/4.8.0/../../../../arm-none-eabi/lib/m4/fp/v4-sp-d16\libg_s.a(lib_a-freer.o)
 .ARM.attributes
                0x00000000       0x39 c:/freescale/kds_2.0.0/toolchain/bin/../lib/gcc/arm-none-eabi/4.8.0/../../../../arm-none-eabi/lib/m4/fp/v4-sp-d16\libg_s.a(lib_a-freer.o)
 .text          0x00000000        0x0 c:/freescale/kds_2.0.0/toolchain/bin/../lib/gcc/arm-none-eabi/4.8.0/../../../../arm-none-eabi/lib/m4/fp/v4-sp-d16\libg_s.a(lib_a-reent.o)
 .data          0x00000000        0x0 c:/freescale/kds_2.0.0/toolchain/bin/../lib/gcc/arm-none-eabi/4.8.0/../../../../arm-none-eabi/lib/m4/fp/v4-sp-d16\libg_s.a(lib_a-reent.o)
 .bss           0x00000000        0x0 c:/freescale/kds_2.0.0/toolchain/bin/../lib/gcc/arm-none-eabi/4.8.0/../../../../arm-none-eabi/lib/m4/fp/v4-sp-d16\libg_s.a(lib_a-reent.o)
 .text.cleanup_glue
                0x00000000       0x1a c:/freescale/kds_2.0.0/toolchain/bin/../lib/gcc/arm-none-eabi/4.8.0/../../../../arm-none-eabi/lib/m4/fp/v4-sp-d16\libg_s.a(lib_a-reent.o)
 .text._reclaim_reent
                0x00000000       0x78 c:/freescale/kds_2.0.0/toolchain/bin/../lib/gcc/arm-none-eabi/4.8.0/../../../../arm-none-eabi/lib/m4/fp/v4-sp-d16\libg_s.a(lib_a-reent.o)
 .text._wrapup_reent
                0x00000000       0x34 c:/freescale/kds_2.0.0/toolchain/bin/../lib/gcc/arm-none-eabi/4.8.0/../../../../arm-none-eabi/lib/m4/fp/v4-sp-d16\libg_s.a(lib_a-reent.o)
 .comment       0x00000000       0x2b c:/freescale/kds_2.0.0/toolchain/bin/../lib/gcc/arm-none-eabi/4.8.0/../../../../arm-none-eabi/lib/m4/fp/v4-sp-d16\libg_s.a(lib_a-reent.o)
 .ARM.attributes
                0x00000000       0x39 c:/freescale/kds_2.0.0/toolchain/bin/../lib/gcc/arm-none-eabi/4.8.0/../../../../arm-none-eabi/lib/m4/fp/v4-sp-d16\libg_s.a(lib_a-reent.o)
 COMMON         0x00000000        0x4 c:/freescale/kds_2.0.0/toolchain/bin/../lib/gcc/arm-none-eabi/4.8.0/../../../../arm-none-eabi/lib/m4/fp/v4-sp-d16\libg_s.a(lib_a-reent.o)
 .text          0x00000000        0x0 c:/freescale/kds_2.0.0/toolchain/bin/../lib/gcc/arm-none-eabi/4.8.0/m4/fp/v4-sp-d16/crtend.o
 .data          0x00000000        0x0 c:/freescale/kds_2.0.0/toolchain/bin/../lib/gcc/arm-none-eabi/4.8.0/m4/fp/v4-sp-d16/crtend.o
 .bss           0x00000000        0x0 c:/freescale/kds_2.0.0/toolchain/bin/../lib/gcc/arm-none-eabi/4.8.0/m4/fp/v4-sp-d16/crtend.o
 .eh_frame      0x00000000        0x4 c:/freescale/kds_2.0.0/toolchain/bin/../lib/gcc/arm-none-eabi/4.8.0/m4/fp/v4-sp-d16/crtend.o
 .jcr           0x00000000        0x4 c:/freescale/kds_2.0.0/toolchain/bin/../lib/gcc/arm-none-eabi/4.8.0/m4/fp/v4-sp-d16/crtend.o
 .text          0x00000000        0x0 c:/freescale/kds_2.0.0/toolchain/bin/../lib/gcc/arm-none-eabi/4.8.0/m4/fp/v4-sp-d16/crtn.o
 .data          0x00000000        0x0 c:/freescale/kds_2.0.0/toolchain/bin/../lib/gcc/arm-none-eabi/4.8.0/m4/fp/v4-sp-d16/crtn.o
 .bss           0x00000000        0x0 c:/freescale/kds_2.0.0/toolchain/bin/../lib/gcc/arm-none-eabi/4.8.0/m4/fp/v4-sp-d16/crtn.o

Memory Configuration

Name             Origin             Length             Attributes
m_interrupts     0x00000000         0x00000188         xr
m_text           0x00000410         0x0007fbf0         xr
m_data           0x1fff8000         0x00008000         rw
m_data_20000000  0x20000000         0x00008000         rw
m_cfmprotrom     0x00000400         0x00000010         xr
*default*        0x00000000         0xffffffff

Linker script and memory map

LOAD c:/freescale/kds_2.0.0/toolchain/bin/../lib/gcc/arm-none-eabi/4.8.0/m4/fp/v4-sp-d16/crti.o
LOAD c:/freescale/kds_2.0.0/toolchain/bin/../lib/gcc/arm-none-eabi/4.8.0/m4/fp/v4-sp-d16/crtbegin.o
LOAD c:/freescale/kds_2.0.0/toolchain/bin/../lib/gcc/arm-none-eabi/4.8.0/../../../../arm-none-eabi/lib/m4/fp/v4-sp-d16/crt0.o
LOAD ./Sources/Events.o
LOAD ./Sources/main.o
LOAD ./Project_Settings/Startup_Code/startup.o
LOAD ./Generated_Code/Bit1.o
LOAD ./Generated_Code/Bit2.o
LOAD ./Generated_Code/Bit3.o
LOAD ./Generated_Code/Bit4.o
LOAD ./Generated_Code/BitIoLdd1.o
LOAD ./Generated_Code/BitIoLdd2.o
LOAD ./Generated_Code/Cpu.o
LOAD ./Generated_Code/LEDBit1.o
LOAD ./Generated_Code/LEDBit2.o
LOAD ./Generated_Code/LEDpin1.o
LOAD ./Generated_Code/LEDpin2.o
LOAD ./Generated_Code/PE_LDD.o
LOAD ./Generated_Code/Vectors.o
LOAD ./Generated_Code/WAIT1.o
LOAD c:/freescale/kds_2.0.0/toolchain/bin/../lib/gcc/arm-none-eabi/4.8.0/../../../../arm-none-eabi/lib/m4/fp/v4-sp-d16\libstdc++.a
LOAD c:/freescale/kds_2.0.0/toolchain/bin/../lib/gcc/arm-none-eabi/4.8.0/../../../../arm-none-eabi/lib/m4/fp/v4-sp-d16\libm.a
START GROUP
LOAD c:/freescale/kds_2.0.0/toolchain/bin/../lib/gcc/arm-none-eabi/4.8.0/m4/fp/v4-sp-d16\libgcc.a
LOAD c:/freescale/kds_2.0.0/toolchain/bin/../lib/gcc/arm-none-eabi/4.8.0/../../../../arm-none-eabi/lib/m4/fp/v4-sp-d16\libg_s.a
LOAD c:/freescale/kds_2.0.0/toolchain/bin/../lib/gcc/arm-none-eabi/4.8.0/../../../../arm-none-eabi/lib/m4/fp/v4-sp-d16\libc_s.a
END GROUP
LOAD c:/freescale/kds_2.0.0/toolchain/bin/../lib/gcc/arm-none-eabi/4.8.0/m4/fp/v4-sp-d16/crtend.o
LOAD c:/freescale/kds_2.0.0/toolchain/bin/../lib/gcc/arm-none-eabi/4.8.0/m4/fp/v4-sp-d16/crtn.o
                0x20000000                _estack = 0x20000000
                0x20000000                __SP_INIT = _estack
                0x00000000                __heap_size = 0x0
                0x00000400                __stack_size = 0x400

.interrupts     0x00000000      0x188
                0x00000000                __vector_table = .
                0x00000000                . = ALIGN (0x4)
 *(.vectortable)
 .vectortable   0x00000000      0x188 ./Generated_Code/Vectors.o
                0x00000000                __vect_table
                0x00000188                . = ALIGN (0x4)

.cfmprotect     0x00000400       0x10
                0x00000400                . = ALIGN (0x4)
 *(.cfmconfig)
 .cfmconfig     0x00000400       0x10 ./Generated_Code/Cpu.o
                0x00000400                _cfm
                0x00000410                . = ALIGN (0x4)

.text           0x00000410      0xa44
                0x00000410                . = ALIGN (0x4)
 *(.text)
 *(.text*)
 .text.deregister_tm_clones
                0x00000410       0x20 c:/freescale/kds_2.0.0/toolchain/bin/../lib/gcc/arm-none-eabi/4.8.0/m4/fp/v4-sp-d16/crtbegin.o
 .text.register_tm_clones
                0x00000430       0x28 c:/freescale/kds_2.0.0/toolchain/bin/../lib/gcc/arm-none-eabi/4.8.0/m4/fp/v4-sp-d16/crtbegin.o
 .text.__do_global_dtors_aux
                0x00000458       0x2c c:/freescale/kds_2.0.0/toolchain/bin/../lib/gcc/arm-none-eabi/4.8.0/m4/fp/v4-sp-d16/crtbegin.o
 .text.frame_dummy
                0x00000484       0x38 c:/freescale/kds_2.0.0/toolchain/bin/../lib/gcc/arm-none-eabi/4.8.0/m4/fp/v4-sp-d16/crtbegin.o
 .text.Cpu_OnNMIINT
                0x000004bc        0xc ./Sources/Events.o
                0x000004bc                Cpu_OnNMIINT
 .text.main     0x000004c8       0xcc ./Sources/main.o
                0x000004c8                main
 .text.__flush_cache
                0x00000594       0x14 ./Project_Settings/Startup_Code/startup.o
                0x00000594                __flush_cache
 .text.__copy_rom_section
                0x000005a8       0xe4 ./Project_Settings/Startup_Code/startup.o
                0x000005a8                __copy_rom_section
 .text.__copy_rom_sections_to_ram
                0x0000068c       0xf8 ./Project_Settings/Startup_Code/startup.o
                0x0000068c                __copy_rom_sections_to_ram
 .text.zero_fill_bss
                0x00000784       0xbc ./Project_Settings/Startup_Code/startup.o
 .text.__init_registers
                0x00000840       0x20 ./Project_Settings/Startup_Code/startup.o
                0x00000840                __init_registers
 .text.__init_user
                0x00000860        0xc ./Project_Settings/Startup_Code/startup.o
                0x00000860                __init_user
 .text.__thumb_startup
                0x0000086c       0x50 ./Project_Settings/Startup_Code/startup.o
                0x0000086c                __thumb_startup
 .text.BitIoLdd1_Init
                0x000008bc       0x84 ./Generated_Code/BitIoLdd1.o
                0x000008bc                BitIoLdd1_Init
 .text.BitIoLdd1_ClrVal
                0x00000940       0x20 ./Generated_Code/BitIoLdd1.o
                0x00000940                BitIoLdd1_ClrVal
 .text.BitIoLdd1_SetVal
                0x00000960       0x20 ./Generated_Code/BitIoLdd1.o
                0x00000960                BitIoLdd1_SetVal
 .text.BitIoLdd2_Init
                0x00000980       0x84 ./Generated_Code/BitIoLdd2.o
                0x00000980                BitIoLdd2_Init
 .text.BitIoLdd2_ClrVal
                0x00000a04       0x20 ./Generated_Code/BitIoLdd2.o
                0x00000a04                BitIoLdd2_ClrVal
 .text.BitIoLdd2_SetVal
                0x00000a24       0x20 ./Generated_Code/BitIoLdd2.o
                0x00000a24                BitIoLdd2_SetVal
 .text.Cpu_INT_NMIInterrupt
                0x00000a44       0x1c ./Generated_Code/Cpu.o
                0x00000a44                Cpu_INT_NMIInterrupt
 .text.Cpu_Interrupt
                0x00000a60       0x18 ./Generated_Code/Cpu.o
                0x00000a60                Cpu_Interrupt
 .text.__init_hardware
                0x00000a78      0x1a0 ./Generated_Code/Cpu.o
                0x00000a78                __init_hardware
 .text.Cpu_SetBASEPRI
                0x00000c18       0x18 ./Generated_Code/Cpu.o
                0x00000c18                Cpu_SetBASEPRI
 .text.PE_low_level_init
                0x00000c30      0x150 ./Generated_Code/Cpu.o
                0x00000c30                PE_low_level_init
 .text.WAIT1_Wait10Cycles
                0x00000d80        0x8 ./Generated_Code/WAIT1.o
                0x00000d80                WAIT1_Wait10Cycles
 .text.WAIT1_Wait100Cycles
                0x00000d88       0x1c ./Generated_Code/WAIT1.o
                0x00000d88                WAIT1_Wait100Cycles
 .text.WAIT1_WaitCycles
                0x00000da4       0x34 ./Generated_Code/WAIT1.o
                0x00000da4                WAIT1_WaitCycles
 .text.WAIT1_WaitLongCycles
                0x00000dd8       0x38 ./Generated_Code/WAIT1.o
                0x00000dd8                WAIT1_WaitLongCycles
 .text.WAIT1_Waitms
                0x00000e10       0x2c ./Generated_Code/WAIT1.o
                0x00000e10                WAIT1_Waitms
 *(.rodata)
 *(.rodata*)
 *(.glue_7)
 .glue_7        0x00000000        0x0 linker stubs
 *(.glue_7t)
 .glue_7t       0x00000000        0x0 linker stubs
 *(.eh_frame)
 .eh_frame      0x00000e3c        0x0 c:/freescale/kds_2.0.0/toolchain/bin/../lib/gcc/arm-none-eabi/4.8.0/m4/fp/v4-sp-d16/crtbegin.o
 *(.init)
 .init          0x00000e3c        0x4 c:/freescale/kds_2.0.0/toolchain/bin/../lib/gcc/arm-none-eabi/4.8.0/m4/fp/v4-sp-d16/crti.o
                0x00000e3c                _init
 .init          0x00000e40        0x8 c:/freescale/kds_2.0.0/toolchain/bin/../lib/gcc/arm-none-eabi/4.8.0/m4/fp/v4-sp-d16/crtn.o
 *(.fini)
 .fini          0x00000e48        0x4 c:/freescale/kds_2.0.0/toolchain/bin/../lib/gcc/arm-none-eabi/4.8.0/m4/fp/v4-sp-d16/crti.o
                0x00000e48                _fini
 .fini          0x00000e4c        0x8 c:/freescale/kds_2.0.0/toolchain/bin/../lib/gcc/arm-none-eabi/4.8.0/m4/fp/v4-sp-d16/crtn.o
                0x00000e54                . = ALIGN (0x4)
                0x00000e54                _etext = .

.vfp11_veneer   0x00000e54        0x0
 .vfp11_veneer  0x00000000        0x0 linker stubs

.v4_bx          0x00000e54        0x0
 .v4_bx         0x00000000        0x0 linker stubs

.iplt           0x00000e54        0x0
 .iplt          0x00000000        0x0 c:/freescale/kds_2.0.0/toolchain/bin/../lib/gcc/arm-none-eabi/4.8.0/m4/fp/v4-sp-d16/crtbegin.o

.rel.dyn        0x00000e54        0x0
 .rel.iplt      0x00000000        0x0 c:/freescale/kds_2.0.0/toolchain/bin/../lib/gcc/arm-none-eabi/4.8.0/m4/fp/v4-sp-d16/crtbegin.o

.ARM.extab
 *(.ARM.extab* .gnu.linkonce.armextab.*)

.ARM            0x00000e54        0x0
                0x00000e54                __exidx_start = .
 *(.ARM.exidx*)
                0x00000e54                __exidx_end = .

.ctors          0x00000e54        0x0
                0x00000e54                __CTOR_LIST__ = .
 *crtbegin.o(.ctors)
 *(EXCLUDE_FILE(*crtend.o) .ctors)
 *(SORT(.ctors.*))
 *(.ctors)
                0x00000e54                __CTOR_END__ = .

.dtors          0x00000e54        0x0
                0x00000e54                __DTOR_LIST__ = .
 *crtbegin.o(.dtors)
 *(EXCLUDE_FILE(*crtend.o) .dtors)
 *(SORT(.dtors.*))
 *(.dtors)
                0x00000e54                __DTOR_END__ = .

.preinit_array  0x00000e54        0x0
                0x00000e54                PROVIDE (__preinit_array_start, .)
 *(.preinit_array*)
                0x00000e54                PROVIDE (__preinit_array_end, .)

.init_array     0x00000e54        0x4
                0x00000e54                PROVIDE (__init_array_start, .)
 *(SORT(.init_array.*))
 *(.init_array*)
 .init_array    0x00000e54        0x4 c:/freescale/kds_2.0.0/toolchain/bin/../lib/gcc/arm-none-eabi/4.8.0/m4/fp/v4-sp-d16/crtbegin.o
                0x00000e58                PROVIDE (__init_array_end, .)

.fini_array     0x00000e58        0x4
                0x00000e58                PROVIDE (__fini_array_start, .)
 *(SORT(.fini_array.*))
 *(.fini_array*)
 .fini_array    0x00000e58        0x4 c:/freescale/kds_2.0.0/toolchain/bin/../lib/gcc/arm-none-eabi/4.8.0/m4/fp/v4-sp-d16/crtbegin.o
                0x00000e5c                PROVIDE (__fini_array_end, .)
                0x00000e5c                ___ROM_AT = .

.data           0x1fff8000        0x0 load address 0x00000e5c
                0x1fff8000                . = ALIGN (0x4)
                0x1fff8000                _sdata = .
 *(.data)
 *(.data*)
                0x1fff8000                . = ALIGN (0x4)
                0x1fff8000                _edata = .
                0x00000000                ___data_size = (_edata - _sdata)
                0x00000e5c                ___m_data_20000000_ROMStart = (___ROM_AT + SIZEOF (.data))

.jcr            0x1fff8000        0x0
 .jcr           0x1fff8000        0x0 c:/freescale/kds_2.0.0/toolchain/bin/../lib/gcc/arm-none-eabi/4.8.0/m4/fp/v4-sp-d16/crtbegin.o

.tm_clone_table
                0x1fff8000        0x0
 .tm_clone_table
                0x1fff8000        0x0 c:/freescale/kds_2.0.0/toolchain/bin/../lib/gcc/arm-none-eabi/4.8.0/m4/fp/v4-sp-d16/crtbegin.o
 .tm_clone_table
                0x1fff8000        0x0 c:/freescale/kds_2.0.0/toolchain/bin/../lib/gcc/arm-none-eabi/4.8.0/m4/fp/v4-sp-d16/crtend.o

.igot.plt       0x1fff8000        0x0
 .igot.plt      0x00000000        0x0 c:/freescale/kds_2.0.0/toolchain/bin/../lib/gcc/arm-none-eabi/4.8.0/m4/fp/v4-sp-d16/crtbegin.o

.m_data_20000000
                0x20000000        0x0 load address 0x00000e5c
                0x20000000                . = ALIGN (0x4)
                0x20000000                ___m_data_20000000_RAMStart = .
 *(.m_data_20000000)
                0x20000000                ___m_data_20000000_RAMEnd = .
                0x20000000                . = ALIGN (0x4)
                0x00000000                ___m_data_20000000_ROMSize = (___m_data_20000000_RAMEnd - ___m_data_20000000_RAMStart)
                0x20000000                . = ALIGN (0x4)

.bss            0x1fff8000       0x64
                0x1fff8000                __START_BSS = .
                0x1fff8000                PROVIDE (__bss_start__, __START_BSS)
 *(.bss)
 *(.bss*)
 .bss.completed.6137
                0x1fff8000        0x1 c:/freescale/kds_2.0.0/toolchain/bin/../lib/gcc/arm-none-eabi/4.8.0/m4/fp/v4-sp-d16/crtbegin.o
 *fill*         0x1fff8001        0x3 
 .bss.object.6142
                0x1fff8004       0x18 c:/freescale/kds_2.0.0/toolchain/bin/../lib/gcc/arm-none-eabi/4.8.0/m4/fp/v4-sp-d16/crtbegin.o
 .bss.argv      0x1fff801c       0x28 ./Project_Settings/Startup_Code/startup.o
 .bss.DeviceDataPrv__DEFAULT_RTOS_ALLOC
                0x1fff8044        0x4 ./Generated_Code/BitIoLdd1.o
 .bss.DeviceDataPrv__DEFAULT_RTOS_ALLOC
                0x1fff8048        0x4 ./Generated_Code/BitIoLdd2.o
 .bss.PE_LDD_DeviceDataList
                0x1fff804c       0x18 ./Generated_Code/PE_LDD.o
                0x1fff804c                PE_LDD_DeviceDataList
 *(COMMON)
                0x1fff8064                . = ALIGN (0x4)
                0x1fff8064                __END_BSS = .
                0x1fff8064                PROVIDE (__bss_end__, __END_BSS)
                0x00000e5c                _romp_at = ((___ROM_AT + SIZEOF (.data)) + SIZEOF (.m_data_20000000))

.romp           0x1fff8064       0x24 load address 0x00000e5c
                0x00000e5c                __S_romp = _romp_at
                0x1fff8064        0x4 LONG 0xe5c ___ROM_AT
                0x1fff8068        0x4 LONG 0x1fff8000 _sdata
                0x1fff806c        0x4 LONG 0x0 ___data_size
                0x1fff8070        0x4 LONG 0xe5c ___m_data_20000000_ROMStart
                0x1fff8074        0x4 LONG 0x20000000 ___m_data_20000000_RAMStart
                0x1fff8078        0x4 LONG 0x0 ___m_data_20000000_ROMSize
                0x1fff807c        0x4 LONG 0x0
                0x1fff8080        0x4 LONG 0x0
                0x1fff8084        0x4 LONG 0x0

._user_heap_stack
                0x1fff8088      0x400 load address 0x00000e80
                0x1fff8088                . = ALIGN (0x4)
                0x1fff8088                PROVIDE (end, .)
                0x1fff8088                PROVIDE (_end, .)
                0x1fff8088                __heap_addr = .
                0x1fff8088                __HeapBase = .
                0x1fff8088                . = (. + __heap_size)
                0x1fff8088                __HeapLimit = .
                0x1fff8488                . = (. + __stack_size)
 *fill*         0x1fff8088      0x400 
                0x1fff8488                . = ALIGN (0x4)

.ARM.attributes
                0x00000000       0x37
 *(.ARM.attributes)
 .ARM.attributes
                0x00000000       0x27 c:/freescale/kds_2.0.0/toolchain/bin/../lib/gcc/arm-none-eabi/4.8.0/m4/fp/v4-sp-d16/crti.o
 .ARM.attributes
                0x00000027       0x39 c:/freescale/kds_2.0.0/toolchain/bin/../lib/gcc/arm-none-eabi/4.8.0/m4/fp/v4-sp-d16/crtbegin.o
 .ARM.attributes
                0x00000060       0x39 ./Sources/Events.o
 .ARM.attributes
                0x00000099       0x39 ./Sources/main.o
 .ARM.attributes
                0x000000d2       0x39 ./Project_Settings/Startup_Code/startup.o
 .ARM.attributes
                0x0000010b       0x39 ./Generated_Code/BitIoLdd1.o
 .ARM.attributes
                0x00000144       0x39 ./Generated_Code/BitIoLdd2.o
 .ARM.attributes
                0x0000017d       0x39 ./Generated_Code/Cpu.o
 .ARM.attributes
                0x000001b6       0x39 ./Generated_Code/PE_LDD.o
 .ARM.attributes
                0x000001ef       0x39 ./Generated_Code/Vectors.o
 .ARM.attributes
                0x00000228       0x39 ./Generated_Code/WAIT1.o
 .ARM.attributes
                0x00000261       0x39 c:/freescale/kds_2.0.0/toolchain/bin/../lib/gcc/arm-none-eabi/4.8.0/m4/fp/v4-sp-d16/crtend.o
 .ARM.attributes
                0x0000029a       0x27 c:/freescale/kds_2.0.0/toolchain/bin/../lib/gcc/arm-none-eabi/4.8.0/m4/fp/v4-sp-d16/crtn.o
OUTPUT(robo.elf elf32-littlearm)

.comment        0x00000000       0x2a
 .comment       0x00000000       0x2a c:/freescale/kds_2.0.0/toolchain/bin/../lib/gcc/arm-none-eabi/4.8.0/m4/fp/v4-sp-d16/crtbegin.o
                                 0x2b (size before relaxing)
 .comment       0x00000000       0x2b ./Sources/Events.o
 .comment       0x00000000       0x2b ./Sources/main.o
 .comment       0x00000000       0x2b ./Project_Settings/Startup_Code/startup.o
 .comment       0x00000000       0x2b ./Generated_Code/BitIoLdd1.o
 .comment       0x00000000       0x2b ./Generated_Code/BitIoLdd2.o
 .comment       0x00000000       0x2b ./Generated_Code/Cpu.o
 .comment       0x00000000       0x2b ./Generated_Code/PE_LDD.o
 .comment       0x00000000       0x2b ./Generated_Code/Vectors.o
 .comment       0x00000000       0x2b ./Generated_Code/WAIT1.o
 .comment       0x00000000       0x2b c:/freescale/kds_2.0.0/toolchain/bin/../lib/gcc/arm-none-eabi/4.8.0/m4/fp/v4-sp-d16/crtend.o

.debug_info     0x00000000     0x1b56
 .debug_info    0x00000000       0x96 ./Sources/Events.o
 .debug_info    0x00000096       0xe5 ./Sources/main.o
 .debug_info    0x0000017b      0x498 ./Project_Settings/Startup_Code/startup.o
 .debug_info    0x00000613      0x2e9 ./Generated_Code/BitIoLdd1.o
 .debug_info    0x000008fc      0x2e9 ./Generated_Code/BitIoLdd2.o
 .debug_info    0x00000be5      0xb00 ./Generated_Code/Cpu.o
 .debug_info    0x000016e5      0x23b ./Generated_Code/PE_LDD.o
 .debug_info    0x00001920      0x104 ./Generated_Code/Vectors.o
 .debug_info    0x00001a24      0x132 ./Generated_Code/WAIT1.o

.debug_abbrev   0x00000000      0x8dd
 .debug_abbrev  0x00000000       0x45 ./Sources/Events.o
 .debug_abbrev  0x00000045       0xa1 ./Sources/main.o
 .debug_abbrev  0x000000e6      0x1a1 ./Project_Settings/Startup_Code/startup.o
 .debug_abbrev  0x00000287      0x127 ./Generated_Code/BitIoLdd1.o
 .debug_abbrev  0x000003ae      0x127 ./Generated_Code/BitIoLdd2.o
 .debug_abbrev  0x000004d5      0x1a6 ./Generated_Code/Cpu.o
 .debug_abbrev  0x0000067b      0x10d ./Generated_Code/PE_LDD.o
 .debug_abbrev  0x00000788       0xa4 ./Generated_Code/Vectors.o
 .debug_abbrev  0x0000082c       0xb1 ./Generated_Code/WAIT1.o

.debug_aranges  0x00000000      0x1e8
 .debug_aranges
                0x00000000       0x20 ./Sources/Events.o
 .debug_aranges
                0x00000020       0x20 ./Sources/main.o
 .debug_aranges
                0x00000040       0x60 ./Project_Settings/Startup_Code/startup.o
 .debug_aranges
                0x000000a0       0x40 ./Generated_Code/BitIoLdd1.o
 .debug_aranges
                0x000000e0       0x40 ./Generated_Code/BitIoLdd2.o
 .debug_aranges
                0x00000120       0x40 ./Generated_Code/Cpu.o
 .debug_aranges
                0x00000160       0x30 ./Generated_Code/PE_LDD.o
 .debug_aranges
                0x00000190       0x18 ./Generated_Code/Vectors.o
 .debug_aranges
                0x000001a8       0x40 ./Generated_Code/WAIT1.o

.debug_ranges   0x00000000      0x150
 .debug_ranges  0x00000000       0x10 ./Sources/Events.o
 .debug_ranges  0x00000010       0x10 ./Sources/main.o
 .debug_ranges  0x00000020       0x50 ./Project_Settings/Startup_Code/startup.o
 .debug_ranges  0x00000070       0x30 ./Generated_Code/BitIoLdd1.o
 .debug_ranges  0x000000a0       0x30 ./Generated_Code/BitIoLdd2.o
 .debug_ranges  0x000000d0       0x30 ./Generated_Code/Cpu.o
 .debug_ranges  0x00000100       0x20 ./Generated_Code/PE_LDD.o
 .debug_ranges  0x00000120       0x30 ./Generated_Code/WAIT1.o

.debug_macro    0x00000000    0x1f244
 .debug_macro   0x00000000      0x141 ./Sources/Events.o
 .debug_macro   0x00000141      0x850 ./Sources/Events.o
 .debug_macro   0x00000991      0x214 ./Sources/Events.o
 .debug_macro   0x00000ba5     0x177c ./Sources/Events.o
 .debug_macro   0x00002321      0x14e ./Sources/Events.o
 .debug_macro   0x0000246f       0x6a ./Sources/Events.o
 .debug_macro   0x000024d9     0xdd9a ./Sources/Events.o
 .debug_macro   0x00010273       0x94 ./Sources/Events.o
 .debug_macro   0x00010307       0x94 ./Sources/Events.o
 .debug_macro   0x0001039b      0x12b ./Sources/Events.o
 .debug_macro   0x000104c6       0x46 ./Sources/Events.o
 .debug_macro   0x0001050c       0x46 ./Sources/Events.o
 .debug_macro   0x00010552       0x46 ./Sources/Events.o
 .debug_macro   0x00010598       0x20 ./Sources/Events.o
 .debug_macro   0x000105b8       0x47 ./Sources/Events.o
 .debug_macro   0x000105ff       0x37 ./Sources/Events.o
 .debug_macro   0x00010636       0x20 ./Sources/Events.o
 .debug_macro   0x00010656       0x47 ./Sources/Events.o
 .debug_macro   0x0001069d       0x4c ./Sources/Events.o
 .debug_macro   0x000106e9       0x4c ./Sources/Events.o
 .debug_macro   0x00010735       0x4c ./Sources/Events.o
 .debug_macro   0x00010781       0x2e ./Sources/Events.o
 .debug_macro   0x000107af      0x141 ./Sources/main.o
 .debug_macro   0x000108f0      0x119 ./Project_Settings/Startup_Code/startup.o
 .debug_macro   0x00010a09       0x2e ./Project_Settings/Startup_Code/startup.o
 .debug_macro   0x00010a37       0x2e ./Project_Settings/Startup_Code/startup.o
 .debug_macro   0x00010a65       0x95 ./Project_Settings/Startup_Code/startup.o
 .debug_macro   0x00010afa       0x3a ./Project_Settings/Startup_Code/startup.o
 .debug_macro   0x00010b34       0x52 ./Project_Settings/Startup_Code/startup.o
 .debug_macro   0x00010b86       0x19 ./Project_Settings/Startup_Code/startup.o
 .debug_macro   0x00010b9f      0x16d ./Project_Settings/Startup_Code/startup.o
 .debug_macro   0x00010d0c       0x89 ./Project_Settings/Startup_Code/startup.o
 .debug_macro   0x00010d95       0x10 ./Project_Settings/Startup_Code/startup.o
 .debug_macro   0x00010da5       0x89 ./Project_Settings/Startup_Code/startup.o
 .debug_macro   0x00010e2e       0x1c ./Project_Settings/Startup_Code/startup.o
 .debug_macro   0x00010e4a       0x10 ./Project_Settings/Startup_Code/startup.o
 .debug_macro   0x00010e5a     0xdd8e ./Project_Settings/Startup_Code/startup.o
 .debug_macro   0x0001ebe8       0x88 ./Generated_Code/BitIoLdd1.o
 .debug_macro   0x0001ec70       0x40 ./Generated_Code/BitIoLdd1.o
 .debug_macro   0x0001ecb0       0x88 ./Generated_Code/BitIoLdd2.o
 .debug_macro   0x0001ed38       0x40 ./Generated_Code/BitIoLdd2.o
 .debug_macro   0x0001ed78      0x161 ./Generated_Code/Cpu.o
 .debug_macro   0x0001eed9       0x31 ./Generated_Code/Cpu.o
 .debug_macro   0x0001ef0a       0x4c ./Generated_Code/Cpu.o
 .debug_macro   0x0001ef56      0x11d ./Generated_Code/PE_LDD.o
 .debug_macro   0x0001f073      0x161 ./Generated_Code/Vectors.o
 .debug_macro   0x0001f1d4       0x70 ./Generated_Code/WAIT1.o

.debug_line     0x00000000     0x1a89
 .debug_line    0x00000000      0x2ad ./Sources/Events.o
 .debug_line    0x000002ad      0x30a ./Sources/main.o
 .debug_line    0x000005b7      0x3db ./Project_Settings/Startup_Code/startup.o
 .debug_line    0x00000992      0x231 ./Generated_Code/BitIoLdd1.o
 .debug_line    0x00000bc3      0x231 ./Generated_Code/BitIoLdd2.o
 .debug_line    0x00000df4      0x44b ./Generated_Code/Cpu.o
 .debug_line    0x0000123f      0x2a6 ./Generated_Code/PE_LDD.o
 .debug_line    0x000014e5      0x3c0 ./Generated_Code/Vectors.o
 .debug_line    0x000018a5      0x1e4 ./Generated_Code/WAIT1.o

.debug_str      0x00000000    0x5b728
 .debug_str     0x00000000    0x59207 ./Sources/Events.o
                              0x59337 (size before relaxing)
 .debug_str     0x00059207       0x4b ./Sources/main.o
                              0x59361 (size before relaxing)
 .debug_str     0x00059252     0x1d67 ./Project_Settings/Startup_Code/startup.o
                              0x51a2a (size before relaxing)
 .debug_str     0x0005afb9      0x1a0 ./Generated_Code/BitIoLdd1.o
                              0x58367 (size before relaxing)
 .debug_str     0x0005b159       0xa0 ./Generated_Code/BitIoLdd2.o
                              0x58369 (size before relaxing)
 .debug_str     0x0005b1f9      0x311 ./Generated_Code/Cpu.o
                              0x59736 (size before relaxing)
 .debug_str     0x0005b50a      0x17e ./Generated_Code/PE_LDD.o
                              0x594e0 (size before relaxing)
 .debug_str     0x0005b688       0x1c ./Generated_Code/Vectors.o
                              0x5937d (size before relaxing)
 .debug_str     0x0005b6a4       0x84 ./Generated_Code/WAIT1.o
                              0x576aa (size before relaxing)

.debug_frame    0x00000000      0x430
 .debug_frame   0x00000000       0x28 ./Sources/Events.o
 .debug_frame   0x00000028       0x30 ./Sources/main.o
 .debug_frame   0x00000058      0x108 ./Project_Settings/Startup_Code/startup.o
 .debug_frame   0x00000160       0x9c ./Generated_Code/BitIoLdd1.o
 .debug_frame   0x000001fc       0x9c ./Generated_Code/BitIoLdd2.o
 .debug_frame   0x00000298       0xa4 ./Generated_Code/Cpu.o
 .debug_frame   0x0000033c       0x64 ./Generated_Code/PE_LDD.o
 .debug_frame   0x000003a0       0x90 ./Generated_Code/WAIT1.o
